20260305 22:32:52.574308  18930 INFO    HttpServer Listening on [ 0.0.0.0:80 ]-/home/dachuo/my_socket/src/HttpServer.cpp:239
20260305 22:32:53.576464  18930 INFO    metrics active=0 accept/s=0 close/s=0 req/s=0 parse_err/s=0 in_kbps=0 out_kbps=0 rd_eagain/s=0 wr_eagain/s=0 rd_err/s=0 wr_err/s=0 sf_kbps=0 sf_eagain/s=0 sf_err/s=0-/home/dachuo/my_socket/src/Metrics.cpp:99
20260305 22:32:54.577409  18930 INFO    metrics active=0 accept/s=0 close/s=0 req/s=0 parse_err/s=0 in_kbps=0 out_kbps=0 rd_eagain/s=0 wr_eagain/s=0 rd_err/s=0 wr_err/s=0 sf_kbps=0 sf_eagain/s=0 sf_err/s=0-/home/dachuo/my_socket/src/Metrics.cpp:99
20260305 22:32:55.577725  18930 INFO    metrics active=0 accept/s=0 close/s=0 req/s=0 parse_err/s=0 in_kbps=0 out_kbps=0 rd_eagain/s=0 wr_eagain/s=0 rd_err/s=0 wr_err/s=0 sf_kbps=0 sf_eagain/s=0 sf_err/s=0-/home/dachuo/my_socket/src/Metrics.cpp:99
20260305 22:32:56.578915  18930 INFO    metrics active=0 accept/s=0 close/s=0 req/s=0 parse_err/s=0 in_kbps=0 out_kbps=0 rd_eagain/s=0 wr_eagain/s=0 rd_err/s=0 wr_err/s=0 sf_kbps=0 sf_eagain/s=0 sf_err/s=0-/home/dachuo/my_socket/src/Metrics.cpp:99
20260305 22:32:57.579578  18930 INFO    metrics active=0 accept/s=0 close/s=0 req/s=0 parse_err/s=0 in_kbps=0 out_kbps=0 rd_eagain/s=0 wr_eagain/s=0 rd_err/s=0 wr_err/s=0 sf_kbps=0 sf_eagain/s=0 sf_err/s=0-/home/dachuo/my_socket/src/Metrics.cpp:99
20260305 22:32:58.580408  18930 INFO    metrics active=0 accept/s=0 close/s=0 req/s=0 parse_err/s=0 in_kbps=0 out_kbps=0 rd_eagain/s=0 wr_eagain/s=0 rd_err/s=0 wr_err/s=0 sf_kbps=0 sf_eagain/s=0 sf_err/s=0-/home/dachuo/my_socket/src/Metrics.cpp:99
20260305 22:32:59.580750  18930 INFO    metrics active=0 accept/s=0 close/s=0 req/s=0 parse_err/s=0 in_kbps=0 out_kbps=0 rd_eagain/s=0 wr_eagain/s=0 rd_err/s=0 wr_err/s=0 sf_kbps=0 sf_eagain/s=0 sf_err/s=0-/home/dachuo/my_socket/src/Metrics.cpp:99
20260305 22:33:00.581715  18930 INFO    metrics active=0 accept/s=0 close/s=0 req/s=0 parse_err/s=0 in_kbps=0 out_kbps=0 rd_eagain/s=0 wr_eagain/s=0 rd_err/s=0 wr_err/s=0 sf_kbps=0 sf_eagain/s=0 sf_err/s=0-/home/dachuo/my_socket/src/Metrics.cpp:99
20260305 22:33:01.582079  18930 INFO    metrics active=0 accept/s=0 close/s=0 req/s=0 parse_err/s=0 in_kbps=0 out_kbps=0 rd_eagain/s=0 wr_eagain/s=0 rd_err/s=0 wr_err/s=0 sf_kbps=0 sf_eagain/s=0 sf_err/s=0-/home/dachuo/my_socket/src/Metrics.cpp:99
20260305 22:33:02.582651  18930 INFO    metrics active=0 accept/s=0 close/s=0 req/s=0 parse_err/s=0 in_kbps=0 out_kbps=0 rd_eagain/s=0 wr_eagain/s=0 rd_err/s=0 wr_err/s=0 sf_kbps=0 sf_eagain/s=0 sf_err/s=0-/home/dachuo/my_socket/src/Metrics.cpp:99
20260305 22:33:03.583676  18930 INFO    metrics active=0 accept/s=0 close/s=0 req/s=0 parse_err/s=0 in_kbps=0 out_kbps=0 rd_eagain/s=0 wr_eagain/s=0 rd_err/s=0 wr_err/s=0 sf_kbps=0 sf_eagain/s=0 sf_err/s=0-/home/dachuo/my_socket/src/Metrics.cpp:99
20260305 22:33:04.584462  18930 INFO    metrics active=0 accept/s=0 close/s=0 req/s=0 parse_err/s=0 in_kbps=0 out_kbps=0 rd_eagain/s=0 wr_eagain/s=0 rd_err/s=0 wr_err/s=0 sf_kbps=0 sf_eagain/s=0 sf_err/s=0-/home/dachuo/my_socket/src/Metrics.cpp:99
20260305 22:33:05.584804  18930 INFO    metrics active=0 accept/s=0 close/s=0 req/s=0 parse_err/s=0 in_kbps=0 out_kbps=0 rd_eagain/s=0 wr_eagain/s=0 rd_err/s=0 wr_err/s=0 sf_kbps=0 sf_eagain/s=0 sf_err/s=0-/home/dachuo/my_socket/src/Metrics.cpp:99
20260305 22:33:06.585787  18930 INFO    metrics active=0 accept/s=0 close/s=0 req/s=0 parse_err/s=0 in_kbps=0 out_kbps=0 rd_eagain/s=0 wr_eagain/s=0 rd_err/s=0 wr_err/s=0 sf_kbps=0 sf_eagain/s=0 sf_err/s=0-/home/dachuo/my_socket/src/Metrics.cpp:99
20260305 22:33:07.586133  18930 INFO    metrics active=0 accept/s=0 close/s=0 req/s=0 parse_err/s=0 in_kbps=0 out_kbps=0 rd_eagain/s=0 wr_eagain/s=0 rd_err/s=0 wr_err/s=0 sf_kbps=0 sf_eagain/s=0 sf_err/s=0-/home/dachuo/my_socket/src/Metrics.cpp:99
20260305 22:33:08.352728  18930 INFO    HttpServer::OnNewConnection : Add connection [ fd#33 ] from 127.0.0.1:49785-/home/dachuo/my_socket/src/HttpServer.cpp:252
20260305 22:33:08.353338  18933 INFO    /rpc, request successfully. Method:POST-/home/dachuo/my_socket/src/HttpServer.cpp:277
20260305 22:33:08.353634  18933 ERROR   Post request failed! errno=11 msg=Resource temporarily unavailable-/home/dachuo/my_socket/src/Error.cpp:11
20260305 22:33:08.586987  18930 INFO    metrics active=1 accept/s=0.999138 close/s=0 req/s=0.999138 parse_err/s=0 in_kbps=1.2709 out_kbps=1.17499 rd_eagain/s=0.999138 wr_eagain/s=0 rd_err/s=0 wr_err/s=0 sf_kbps=0 sf_eagain/s=0 sf_err/s=0-/home/dachuo/my_socket/src/Metrics.cpp:99
20260305 22:33:09.587625  18930 INFO    metrics active=1 accept/s=0 close/s=0 req/s=0 parse_err/s=0 in_kbps=0 out_kbps=0 rd_eagain/s=0 wr_eagain/s=0 rd_err/s=0 wr_err/s=0 sf_kbps=0 sf_eagain/s=0 sf_err/s=0-/home/dachuo/my_socket/src/Metrics.cpp:99
20260305 22:33:10.588671  18930 INFO    metrics active=1 accept/s=0 close/s=0 req/s=0 parse_err/s=0 in_kbps=0 out_kbps=0 rd_eagain/s=0 wr_eagain/s=0 rd_err/s=0 wr_err/s=0 sf_kbps=0 sf_eagain/s=0 sf_err/s=0-/home/dachuo/my_socket/src/Metrics.cpp:99
20260305 22:33:11.589328  18930 INFO    metrics active=1 accept/s=0 close/s=0 req/s=0 parse_err/s=0 in_kbps=0 out_kbps=0 rd_eagain/s=0 wr_eagain/s=0 rd_err/s=0 wr_err/s=0 sf_kbps=0 sf_eagain/s=0 sf_err/s=0-/home/dachuo/my_socket/src/Metrics.cpp:99
20260305 22:33:12.590197  18930 INFO    metrics active=1 accept/s=0 close/s=0 req/s=0 parse_err/s=0 in_kbps=0 out_kbps=0 rd_eagain/s=0 wr_eagain/s=0 rd_err/s=0 wr_err/s=0 sf_kbps=0 sf_eagain/s=0 sf_err/s=0-/home/dachuo/my_socket/src/Metrics.cpp:99
20260305 22:33:13.590523  18930 INFO    metrics active=1 accept/s=0 close/s=0 req/s=0 parse_err/s=0 in_kbps=0 out_kbps=0 rd_eagain/s=0 wr_eagain/s=0 rd_err/s=0 wr_err/s=0 sf_kbps=0 sf_eagain/s=0 sf_err/s=0-/home/dachuo/my_socket/src/Metrics.cpp:99
20260305 22:33:14.591411  18930 INFO    metrics active=1 accept/s=0 close/s=0 req/s=0 parse_err/s=0 in_kbps=0 out_kbps=0 rd_eagain/s=0 wr_eagain/s=0 rd_err/s=0 wr_err/s=0 sf_kbps=0 sf_eagain/s=0 sf_err/s=0-/home/dachuo/my_socket/src/Metrics.cpp:99
20260305 22:33:15.591949  18930 INFO    metrics active=1 accept/s=0 close/s=0 req/s=0 parse_err/s=0 in_kbps=0 out_kbps=0 rd_eagain/s=0 wr_eagain/s=0 rd_err/s=0 wr_err/s=0 sf_kbps=0 sf_eagain/s=0 sf_err/s=0-/home/dachuo/my_socket/src/Metrics.cpp:99
20260305 22:33:16.592808  18930 INFO    metrics active=1 accept/s=0 close/s=0 req/s=0 parse_err/s=0 in_kbps=0 out_kbps=0 rd_eagain/s=0 wr_eagain/s=0 rd_err/s=0 wr_err/s=0 sf_kbps=0 sf_eagain/s=0 sf_err/s=0-/home/dachuo/my_socket/src/Metrics.cpp:99
20260305 22:33:17.593722  18930 INFO    metrics active=1 accept/s=0 close/s=0 req/s=0 parse_err/s=0 in_kbps=0 out_kbps=0 rd_eagain/s=0 wr_eagain/s=0 rd_err/s=0 wr_err/s=0 sf_kbps=0 sf_eagain/s=0 sf_err/s=0-/home/dachuo/my_socket/src/Metrics.cpp:99
20260305 22:33:18.594541  18930 INFO    metrics active=1 accept/s=0 close/s=0 req/s=0 parse_err/s=0 in_kbps=0 out_kbps=0 rd_eagain/s=0 wr_eagain/s=0 rd_err/s=0 wr_err/s=0 sf_kbps=0 sf_eagain/s=0 sf_err/s=0-/home/dachuo/my_socket/src/Metrics.cpp:99
20260305 22:33:19.594947  18930 INFO    metrics active=0 accept/s=0 close/s=0.999598 req/s=0 parse_err/s=0 in_kbps=0 out_kbps=0 rd_eagain/s=0 wr_eagain/s=0 rd_err/s=0 wr_err/s=0 sf_kbps=0 sf_eagain/s=0 sf_err/s=0-/home/dachuo/my_socket/src/Metrics.cpp:99
20260305 22:33:20.595710  18930 INFO    metrics active=0 accept/s=0 close/s=0 req/s=0 parse_err/s=0 in_kbps=0 out_kbps=0 rd_eagain/s=0 wr_eagain/s=0 rd_err/s=0 wr_err/s=0 sf_kbps=0 sf_eagain/s=0 sf_err/s=0-/home/dachuo/my_socket/src/Metrics.cpp:99
20260305 22:33:21.596007  18930 INFO    metrics active=0 accept/s=0 close/s=0 req/s=0 parse_err/s=0 in_kbps=0 out_kbps=0 rd_eagain/s=0 wr_eagain/s=0 rd_err/s=0 wr_err/s=0 sf_kbps=0 sf_eagain/s=0 sf_err/s=0-/home/dachuo/my_socket/src/Metrics.cpp:99
20260305 22:33:22.596577  18930 INFO    metrics active=0 accept/s=0 close/s=0 req/s=0 parse_err/s=0 in_kbps=0 out_kbps=0 rd_eagain/s=0 wr_eagain/s=0 rd_err/s=0 wr_err/s=0 sf_kbps=0 sf_eagain/s=0 sf_err/s=0-/home/dachuo/my_socket/src/Metrics.cpp:99
