20260212 21:48:57.896226  18940 INFO    HttpServer Listening on [ 0.0.0.0:80 ]-/home/dachuo/my_socket/src/HttpServer.cpp:203
20260212 21:48:58.897713  18940 INFO    metrics active=0 accept/s=0 close/s=0 req/s=0 parse_err/s=0 in_kbps=0 out_kbps=0 rd_eagain/s=0 wr_eagain/s=0 rd_err/s=0 wr_err/s=0 sf_kbps=0 sf_eagain/s=0 sf_err/s=0-/home/dachuo/my_socket/src/Metrics.cpp:99
20260212 21:48:59.899060  18940 INFO    metrics active=0 accept/s=0 close/s=0 req/s=0 parse_err/s=0 in_kbps=0 out_kbps=0 rd_eagain/s=0 wr_eagain/s=0 rd_err/s=0 wr_err/s=0 sf_kbps=0 sf_eagain/s=0 sf_err/s=0-/home/dachuo/my_socket/src/Metrics.cpp:99
20260212 21:49:00.900148  18940 INFO    metrics active=0 accept/s=0 close/s=0 req/s=0 parse_err/s=0 in_kbps=0 out_kbps=0 rd_eagain/s=0 wr_eagain/s=0 rd_err/s=0 wr_err/s=0 sf_kbps=0 sf_eagain/s=0 sf_err/s=0-/home/dachuo/my_socket/src/Metrics.cpp:99
20260212 21:49:01.901183  18940 INFO    metrics active=0 accept/s=0 close/s=0 req/s=0 parse_err/s=0 in_kbps=0 out_kbps=0 rd_eagain/s=0 wr_eagain/s=0 rd_err/s=0 wr_err/s=0 sf_kbps=0 sf_eagain/s=0 sf_err/s=0-/home/dachuo/my_socket/src/Metrics.cpp:99
20260212 21:49:02.901649  18940 INFO    metrics active=0 accept/s=0 close/s=0 req/s=0 parse_err/s=0 in_kbps=0 out_kbps=0 rd_eagain/s=0 wr_eagain/s=0 rd_err/s=0 wr_err/s=0 sf_kbps=0 sf_eagain/s=0 sf_err/s=0-/home/dachuo/my_socket/src/Metrics.cpp:99
20260212 21:49:03.901984  18940 INFO    metrics active=0 accept/s=0 close/s=0 req/s=0 parse_err/s=0 in_kbps=0 out_kbps=0 rd_eagain/s=0 wr_eagain/s=0 rd_err/s=0 wr_err/s=0 sf_kbps=0 sf_eagain/s=0 sf_err/s=0-/home/dachuo/my_socket/src/Metrics.cpp:99
20260212 21:49:04.860434  18940 INFO    HttpServer::OnNewConnection : Add connection [ fd#33 ] from 127.0.0.1:61189-/home/dachuo/my_socket/src/HttpServer.cpp:216
20260212 21:49:04.860918  18942 INFO    /rpc, request successfully. Method:POST-/home/dachuo/my_socket/src/HttpServer.cpp:241
20260212 21:49:04.902973  18940 INFO    metrics active=1 accept/s=0.999013 close/s=0 req/s=0.999013 parse_err/s=0 in_kbps=1.27075 out_kbps=1.99003 rd_eagain/s=0.999013 wr_eagain/s=0 rd_err/s=0 wr_err/s=0 sf_kbps=0 sf_eagain/s=0 sf_err/s=0-/home/dachuo/my_socket/src/Metrics.cpp:99
20260212 21:49:05.903251  18940 INFO    metrics active=1 accept/s=0 close/s=0 req/s=0 parse_err/s=0 in_kbps=0 out_kbps=0 rd_eagain/s=0 wr_eagain/s=0 rd_err/s=0 wr_err/s=0 sf_kbps=0 sf_eagain/s=0 sf_err/s=0-/home/dachuo/my_socket/src/Metrics.cpp:99
20260212 21:49:06.903749  18940 INFO    metrics active=1 accept/s=0 close/s=0 req/s=0 parse_err/s=0 in_kbps=0 out_kbps=0 rd_eagain/s=0 wr_eagain/s=0 rd_err/s=0 wr_err/s=0 sf_kbps=0 sf_eagain/s=0 sf_err/s=0-/home/dachuo/my_socket/src/Metrics.cpp:99
20260212 21:49:07.904524  18940 INFO    metrics active=1 accept/s=0 close/s=0 req/s=0 parse_err/s=0 in_kbps=0 out_kbps=0 rd_eagain/s=0 wr_eagain/s=0 rd_err/s=0 wr_err/s=0 sf_kbps=0 sf_eagain/s=0 sf_err/s=0-/home/dachuo/my_socket/src/Metrics.cpp:99
20260212 21:49:08.905756  18940 INFO    metrics active=1 accept/s=0 close/s=0 req/s=0 parse_err/s=0 in_kbps=0 out_kbps=0 rd_eagain/s=0 wr_eagain/s=0 rd_err/s=0 wr_err/s=0 sf_kbps=0 sf_eagain/s=0 sf_err/s=0-/home/dachuo/my_socket/src/Metrics.cpp:99
20260212 21:49:09.906536  18940 INFO    metrics active=1 accept/s=0 close/s=0 req/s=0 parse_err/s=0 in_kbps=0 out_kbps=0 rd_eagain/s=0 wr_eagain/s=0 rd_err/s=0 wr_err/s=0 sf_kbps=0 sf_eagain/s=0 sf_err/s=0-/home/dachuo/my_socket/src/Metrics.cpp:99
20260212 21:49:10.907787  18940 INFO    metrics active=1 accept/s=0 close/s=0 req/s=0 parse_err/s=0 in_kbps=0 out_kbps=0 rd_eagain/s=0 wr_eagain/s=0 rd_err/s=0 wr_err/s=0 sf_kbps=0 sf_eagain/s=0 sf_err/s=0-/home/dachuo/my_socket/src/Metrics.cpp:99
20260212 21:49:11.908374  18940 INFO    metrics active=1 accept/s=0 close/s=0 req/s=0 parse_err/s=0 in_kbps=0 out_kbps=0 rd_eagain/s=0 wr_eagain/s=0 rd_err/s=0 wr_err/s=0 sf_kbps=0 sf_eagain/s=0 sf_err/s=0-/home/dachuo/my_socket/src/Metrics.cpp:99
20260212 21:49:12.909587  18940 INFO    metrics active=1 accept/s=0 close/s=0 req/s=0 parse_err/s=0 in_kbps=0 out_kbps=0 rd_eagain/s=0 wr_eagain/s=0 rd_err/s=0 wr_err/s=0 sf_kbps=0 sf_eagain/s=0 sf_err/s=0-/home/dachuo/my_socket/src/Metrics.cpp:99
20260212 21:49:13.910378  18940 INFO    metrics active=1 accept/s=0 close/s=0 req/s=0 parse_err/s=0 in_kbps=0 out_kbps=0 rd_eagain/s=0 wr_eagain/s=0 rd_err/s=0 wr_err/s=0 sf_kbps=0 sf_eagain/s=0 sf_err/s=0-/home/dachuo/my_socket/src/Metrics.cpp:99
20260212 21:49:14.911197  18940 INFO    metrics active=1 accept/s=0 close/s=0 req/s=0 parse_err/s=0 in_kbps=0 out_kbps=0 rd_eagain/s=0 wr_eagain/s=0 rd_err/s=0 wr_err/s=0 sf_kbps=0 sf_eagain/s=0 sf_err/s=0-/home/dachuo/my_socket/src/Metrics.cpp:99
20260212 21:49:15.912166  18940 INFO    metrics active=0 accept/s=0 close/s=0.99904 req/s=0 parse_err/s=0 in_kbps=0 out_kbps=0 rd_eagain/s=0 wr_eagain/s=0 rd_err/s=0 wr_err/s=0 sf_kbps=0 sf_eagain/s=0 sf_err/s=0-/home/dachuo/my_socket/src/Metrics.cpp:99
20260212 21:49:16.913189  18940 INFO    metrics active=0 accept/s=0 close/s=0 req/s=0 parse_err/s=0 in_kbps=0 out_kbps=0 rd_eagain/s=0 wr_eagain/s=0 rd_err/s=0 wr_err/s=0 sf_kbps=0 sf_eagain/s=0 sf_err/s=0-/home/dachuo/my_socket/src/Metrics.cpp:99
20260212 21:49:17.913901  18940 INFO    metrics active=0 accept/s=0 close/s=0 req/s=0 parse_err/s=0 in_kbps=0 out_kbps=0 rd_eagain/s=0 wr_eagain/s=0 rd_err/s=0 wr_err/s=0 sf_kbps=0 sf_eagain/s=0 sf_err/s=0-/home/dachuo/my_socket/src/Metrics.cpp:99
20260212 21:49:18.914587  18940 INFO    metrics active=0 accept/s=0 close/s=0 req/s=0 parse_err/s=0 in_kbps=0 out_kbps=0 rd_eagain/s=0 wr_eagain/s=0 rd_err/s=0 wr_err/s=0 sf_kbps=0 sf_eagain/s=0 sf_err/s=0-/home/dachuo/my_socket/src/Metrics.cpp:99
20260212 21:49:19.915308  18940 INFO    metrics active=0 accept/s=0 close/s=0 req/s=0 parse_err/s=0 in_kbps=0 out_kbps=0 rd_eagain/s=0 wr_eagain/s=0 rd_err/s=0 wr_err/s=0 sf_kbps=0 sf_eagain/s=0 sf_err/s=0-/home/dachuo/my_socket/src/Metrics.cpp:99
20260212 21:49:20.916552  18940 INFO    metrics active=0 accept/s=0 close/s=0 req/s=0 parse_err/s=0 in_kbps=0 out_kbps=0 rd_eagain/s=0 wr_eagain/s=0 rd_err/s=0 wr_err/s=0 sf_kbps=0 sf_eagain/s=0 sf_err/s=0-/home/dachuo/my_socket/src/Metrics.cpp:99
20260212 21:49:21.917371  18940 INFO    metrics active=0 accept/s=0 close/s=0 req/s=0 parse_err/s=0 in_kbps=0 out_kbps=0 rd_eagain/s=0 wr_eagain/s=0 rd_err/s=0 wr_err/s=0 sf_kbps=0 sf_eagain/s=0 sf_err/s=0-/home/dachuo/my_socket/src/Metrics.cpp:99
20260212 21:49:22.918384  18940 INFO    metrics active=0 accept/s=0 close/s=0 req/s=0 parse_err/s=0 in_kbps=0 out_kbps=0 rd_eagain/s=0 wr_eagain/s=0 rd_err/s=0 wr_err/s=0 sf_kbps=0 sf_eagain/s=0 sf_err/s=0-/home/dachuo/my_socket/src/Metrics.cpp:99
20260212 21:49:23.919691  18940 INFO    metrics active=0 accept/s=0 close/s=0 req/s=0 parse_err/s=0 in_kbps=0 out_kbps=0 rd_eagain/s=0 wr_eagain/s=0 rd_err/s=0 wr_err/s=0 sf_kbps=0 sf_eagain/s=0 sf_err/s=0-/home/dachuo/my_socket/src/Metrics.cpp:99
20260212 21:49:24.921208  18940 INFO    metrics active=0 accept/s=0 close/s=0 req/s=0 parse_err/s=0 in_kbps=0 out_kbps=0 rd_eagain/s=0 wr_eagain/s=0 rd_err/s=0 wr_err/s=0 sf_kbps=0 sf_eagain/s=0 sf_err/s=0-/home/dachuo/my_socket/src/Metrics.cpp:99
