20260305 21:31:49.201368  13385 INFO    HttpServer Listening on [ 0.0.0.0:80 ]-/home/dachuo/my_socket/src/HttpServer.cpp:232
20260305 21:31:49.852040  13385 INFO    HttpServer::OnNewConnection : Add connection [ fd#33 ] from 127.0.0.1:62882-/home/dachuo/my_socket/src/HttpServer.cpp:245
20260305 21:31:49.868144  13387 INFO    /query.php, request successfully. Method:GET-/home/dachuo/my_socket/src/HttpServer.cpp:270
20260305 21:31:50.203970  13385 INFO    metrics active=0 accept/s=0 close/s=0 req/s=0 parse_err/s=0 in_kbps=0 out_kbps=0 rd_eagain/s=0 wr_eagain/s=0 rd_err/s=0 wr_err/s=0 sf_kbps=0 sf_eagain/s=0 sf_err/s=0-/home/dachuo/my_socket/src/Metrics.cpp:99
20260305 21:31:51.204978  13385 INFO    metrics active=0 accept/s=0 close/s=0 req/s=0 parse_err/s=0 in_kbps=0 out_kbps=0 rd_eagain/s=0 wr_eagain/s=0 rd_err/s=0 wr_err/s=0 sf_kbps=0 sf_eagain/s=0 sf_err/s=0-/home/dachuo/my_socket/src/Metrics.cpp:99
20260305 21:31:52.207497  13385 INFO    metrics active=0 accept/s=0 close/s=0 req/s=0 parse_err/s=0 in_kbps=0 out_kbps=0 rd_eagain/s=0 wr_eagain/s=0 rd_err/s=0 wr_err/s=0 sf_kbps=0 sf_eagain/s=0 sf_err/s=0-/home/dachuo/my_socket/src/Metrics.cpp:99
20260305 21:31:53.207970  13385 INFO    metrics active=0 accept/s=0 close/s=0 req/s=0 parse_err/s=0 in_kbps=0 out_kbps=0 rd_eagain/s=0 wr_eagain/s=0 rd_err/s=0 wr_err/s=0 sf_kbps=0 sf_eagain/s=0 sf_err/s=0-/home/dachuo/my_socket/src/Metrics.cpp:99
20260305 21:31:54.208361  13385 INFO    metrics active=0 accept/s=0 close/s=0 req/s=0 parse_err/s=0 in_kbps=0 out_kbps=0 rd_eagain/s=0 wr_eagain/s=0 rd_err/s=0 wr_err/s=0 sf_kbps=0 sf_eagain/s=0 sf_err/s=0-/home/dachuo/my_socket/src/Metrics.cpp:99
20260305 21:31:55.209327  13385 INFO    metrics active=0 accept/s=0 close/s=0 req/s=0 parse_err/s=0 in_kbps=0 out_kbps=0 rd_eagain/s=0 wr_eagain/s=0 rd_err/s=0 wr_err/s=0 sf_kbps=0 sf_eagain/s=0 sf_err/s=0-/home/dachuo/my_socket/src/Metrics.cpp:99
20260305 21:31:56.210321  13385 INFO    metrics active=0 accept/s=0 close/s=0 req/s=0 parse_err/s=0 in_kbps=0 out_kbps=0 rd_eagain/s=0 wr_eagain/s=0 rd_err/s=0 wr_err/s=0 sf_kbps=0 sf_eagain/s=0 sf_err/s=0-/home/dachuo/my_socket/src/Metrics.cpp:99
20260305 21:31:57.211173  13385 INFO    metrics active=0 accept/s=0 close/s=0 req/s=0 parse_err/s=0 in_kbps=0 out_kbps=0 rd_eagain/s=0 wr_eagain/s=0 rd_err/s=0 wr_err/s=0 sf_kbps=0 sf_eagain/s=0 sf_err/s=0-/home/dachuo/my_socket/src/Metrics.cpp:99
20260305 21:31:58.212113  13385 INFO    metrics active=0 accept/s=0 close/s=0 req/s=0 parse_err/s=0 in_kbps=0 out_kbps=0 rd_eagain/s=0 wr_eagain/s=0 rd_err/s=0 wr_err/s=0 sf_kbps=0 sf_eagain/s=0 sf_err/s=0-/home/dachuo/my_socket/src/Metrics.cpp:99
20260305 21:31:59.212893  13385 INFO    metrics active=0 accept/s=0 close/s=0 req/s=0 parse_err/s=0 in_kbps=0 out_kbps=0 rd_eagain/s=0 wr_eagain/s=0 rd_err/s=0 wr_err/s=0 sf_kbps=0 sf_eagain/s=0 sf_err/s=0-/home/dachuo/my_socket/src/Metrics.cpp:99
20260305 21:32:00.176265  13385 INFO    HttpServer::OnNewConnection : Add connection [ fd#33 ] from 127.0.0.1:62883-/home/dachuo/my_socket/src/HttpServer.cpp:245
20260305 21:32:00.176511  13388 INFO    /rpc, request successfully. Method:POST-/home/dachuo/my_socket/src/HttpServer.cpp:270
20260305 21:32:00.213333  13385 INFO    metrics active=1 accept/s=0.999532 close/s=0 req/s=0.999532 parse_err/s=0 in_kbps=1.2714 out_kbps=1.99107 rd_eagain/s=0.999532 wr_eagain/s=0 rd_err/s=0 wr_err/s=0 sf_kbps=0 sf_eagain/s=0 sf_err/s=0-/home/dachuo/my_socket/src/Metrics.cpp:99
20260305 21:32:01.213593  13385 INFO    metrics active=1 accept/s=0 close/s=0 req/s=0 parse_err/s=0 in_kbps=0 out_kbps=0 rd_eagain/s=0 wr_eagain/s=0 rd_err/s=0 wr_err/s=0 sf_kbps=0 sf_eagain/s=0 sf_err/s=0-/home/dachuo/my_socket/src/Metrics.cpp:99
20260305 21:32:02.214465  13385 INFO    metrics active=1 accept/s=0 close/s=0 req/s=0 parse_err/s=0 in_kbps=0 out_kbps=0 rd_eagain/s=0 wr_eagain/s=0 rd_err/s=0 wr_err/s=0 sf_kbps=0 sf_eagain/s=0 sf_err/s=0-/home/dachuo/my_socket/src/Metrics.cpp:99
20260305 21:32:03.215332  13385 INFO    metrics active=1 accept/s=0 close/s=0 req/s=0 parse_err/s=0 in_kbps=0 out_kbps=0 rd_eagain/s=0 wr_eagain/s=0 rd_err/s=0 wr_err/s=0 sf_kbps=0 sf_eagain/s=0 sf_err/s=0-/home/dachuo/my_socket/src/Metrics.cpp:99
20260305 21:32:04.215862  13385 INFO    metrics active=1 accept/s=0 close/s=0 req/s=0 parse_err/s=0 in_kbps=0 out_kbps=0 rd_eagain/s=0 wr_eagain/s=0 rd_err/s=0 wr_err/s=0 sf_kbps=0 sf_eagain/s=0 sf_err/s=0-/home/dachuo/my_socket/src/Metrics.cpp:99
20260305 21:32:05.217057  13385 INFO    metrics active=1 accept/s=0 close/s=0 req/s=0 parse_err/s=0 in_kbps=0 out_kbps=0 rd_eagain/s=0 wr_eagain/s=0 rd_err/s=0 wr_err/s=0 sf_kbps=0 sf_eagain/s=0 sf_err/s=0-/home/dachuo/my_socket/src/Metrics.cpp:99
20260305 21:32:06.217414  13385 INFO    metrics active=1 accept/s=0 close/s=0 req/s=0 parse_err/s=0 in_kbps=0 out_kbps=0 rd_eagain/s=0 wr_eagain/s=0 rd_err/s=0 wr_err/s=0 sf_kbps=0 sf_eagain/s=0 sf_err/s=0-/home/dachuo/my_socket/src/Metrics.cpp:99
20260305 21:32:07.217809  13385 INFO    metrics active=1 accept/s=0 close/s=0 req/s=0 parse_err/s=0 in_kbps=0 out_kbps=0 rd_eagain/s=0 wr_eagain/s=0 rd_err/s=0 wr_err/s=0 sf_kbps=0 sf_eagain/s=0 sf_err/s=0-/home/dachuo/my_socket/src/Metrics.cpp:99
20260305 21:32:08.218442  13385 INFO    metrics active=1 accept/s=0 close/s=0 req/s=0 parse_err/s=0 in_kbps=0 out_kbps=0 rd_eagain/s=0 wr_eagain/s=0 rd_err/s=0 wr_err/s=0 sf_kbps=0 sf_eagain/s=0 sf_err/s=0-/home/dachuo/my_socket/src/Metrics.cpp:99
20260305 21:32:09.219527  13385 INFO    metrics active=1 accept/s=0 close/s=0 req/s=0 parse_err/s=0 in_kbps=0 out_kbps=0 rd_eagain/s=0 wr_eagain/s=0 rd_err/s=0 wr_err/s=0 sf_kbps=0 sf_eagain/s=0 sf_err/s=0-/home/dachuo/my_socket/src/Metrics.cpp:99
20260305 21:32:10.219954  13385 INFO    metrics active=1 accept/s=0 close/s=0 req/s=0 parse_err/s=0 in_kbps=0 out_kbps=0 rd_eagain/s=0 wr_eagain/s=0 rd_err/s=0 wr_err/s=0 sf_kbps=0 sf_eagain/s=0 sf_err/s=0-/home/dachuo/my_socket/src/Metrics.cpp:99
20260305 21:32:11.220357  13385 INFO    metrics active=0 accept/s=0 close/s=0.999581 req/s=0 parse_err/s=0 in_kbps=0 out_kbps=0 rd_eagain/s=0 wr_eagain/s=0 rd_err/s=0 wr_err/s=0 sf_kbps=0 sf_eagain/s=0 sf_err/s=0-/home/dachuo/my_socket/src/Metrics.cpp:99
20260305 21:32:12.221197  13385 INFO    metrics active=0 accept/s=0 close/s=0 req/s=0 parse_err/s=0 in_kbps=0 out_kbps=0 rd_eagain/s=0 wr_eagain/s=0 rd_err/s=0 wr_err/s=0 sf_kbps=0 sf_eagain/s=0 sf_err/s=0-/home/dachuo/my_socket/src/Metrics.cpp:99
20260305 21:32:13.222038  13385 INFO    metrics active=0 accept/s=0 close/s=0 req/s=0 parse_err/s=0 in_kbps=0 out_kbps=0 rd_eagain/s=0 wr_eagain/s=0 rd_err/s=0 wr_err/s=0 sf_kbps=0 sf_eagain/s=0 sf_err/s=0-/home/dachuo/my_socket/src/Metrics.cpp:99
20260305 21:32:14.223000  13385 INFO    metrics active=0 accept/s=0 close/s=0 req/s=0 parse_err/s=0 in_kbps=0 out_kbps=0 rd_eagain/s=0 wr_eagain/s=0 rd_err/s=0 wr_err/s=0 sf_kbps=0 sf_eagain/s=0 sf_err/s=0-/home/dachuo/my_socket/src/Metrics.cpp:99
20260305 21:32:15.223324  13385 INFO    metrics active=0 accept/s=0 close/s=0 req/s=0 parse_err/s=0 in_kbps=0 out_kbps=0 rd_eagain/s=0 wr_eagain/s=0 rd_err/s=0 wr_err/s=0 sf_kbps=0 sf_eagain/s=0 sf_err/s=0-/home/dachuo/my_socket/src/Metrics.cpp:99
20260305 21:32:16.224328  13385 INFO    metrics active=0 accept/s=0 close/s=0 req/s=0 parse_err/s=0 in_kbps=0 out_kbps=0 rd_eagain/s=0 wr_eagain/s=0 rd_err/s=0 wr_err/s=0 sf_kbps=0 sf_eagain/s=0 sf_err/s=0-/home/dachuo/my_socket/src/Metrics.cpp:99
20260305 21:32:17.224730  13385 INFO    metrics active=0 accept/s=0 close/s=0 req/s=0 parse_err/s=0 in_kbps=0 out_kbps=0 rd_eagain/s=0 wr_eagain/s=0 rd_err/s=0 wr_err/s=0 sf_kbps=0 sf_eagain/s=0 sf_err/s=0-/home/dachuo/my_socket/src/Metrics.cpp:99
20260305 21:32:18.225781  13385 INFO    metrics active=0 accept/s=0 close/s=0 req/s=0 parse_err/s=0 in_kbps=0 out_kbps=0 rd_eagain/s=0 wr_eagain/s=0 rd_err/s=0 wr_err/s=0 sf_kbps=0 sf_eagain/s=0 sf_err/s=0-/home/dachuo/my_socket/src/Metrics.cpp:99
20260305 21:32:19.227034  13385 INFO    metrics active=0 accept/s=0 close/s=0 req/s=0 parse_err/s=0 in_kbps=0 out_kbps=0 rd_eagain/s=0 wr_eagain/s=0 rd_err/s=0 wr_err/s=0 sf_kbps=0 sf_eagain/s=0 sf_err/s=0-/home/dachuo/my_socket/src/Metrics.cpp:99
20260305 21:32:20.227688  13385 INFO    metrics active=0 accept/s=0 close/s=0 req/s=0 parse_err/s=0 in_kbps=0 out_kbps=0 rd_eagain/s=0 wr_eagain/s=0 rd_err/s=0 wr_err/s=0 sf_kbps=0 sf_eagain/s=0 sf_err/s=0-/home/dachuo/my_socket/src/Metrics.cpp:99
20260305 21:32:21.228082  13385 INFO    metrics active=0 accept/s=0 close/s=0 req/s=0 parse_err/s=0 in_kbps=0 out_kbps=0 rd_eagain/s=0 wr_eagain/s=0 rd_err/s=0 wr_err/s=0 sf_kbps=0 sf_eagain/s=0 sf_err/s=0-/home/dachuo/my_socket/src/Metrics.cpp:99
20260305 21:32:22.228426  13385 INFO    metrics active=0 accept/s=0 close/s=0 req/s=0 parse_err/s=0 in_kbps=0 out_kbps=0 rd_eagain/s=0 wr_eagain/s=0 rd_err/s=0 wr_err/s=0 sf_kbps=0 sf_eagain/s=0 sf_err/s=0-/home/dachuo/my_socket/src/Metrics.cpp:99
20260305 21:32:23.228934  13385 INFO    metrics active=0 accept/s=0 close/s=0 req/s=0 parse_err/s=0 in_kbps=0 out_kbps=0 rd_eagain/s=0 wr_eagain/s=0 rd_err/s=0 wr_err/s=0 sf_kbps=0 sf_eagain/s=0 sf_err/s=0-/home/dachuo/my_socket/src/Metrics.cpp:99
20260305 21:32:24.230103  13385 INFO    metrics active=0 accept/s=0 close/s=0 req/s=0 parse_err/s=0 in_kbps=0 out_kbps=0 rd_eagain/s=0 wr_eagain/s=0 rd_err/s=0 wr_err/s=0 sf_kbps=0 sf_eagain/s=0 sf_err/s=0-/home/dachuo/my_socket/src/Metrics.cpp:99
20260305 21:32:25.230907  13385 INFO    metrics active=0 accept/s=0 close/s=0 req/s=0 parse_err/s=0 in_kbps=0 out_kbps=0 rd_eagain/s=0 wr_eagain/s=0 rd_err/s=0 wr_err/s=0 sf_kbps=0 sf_eagain/s=0 sf_err/s=0-/home/dachuo/my_socket/src/Metrics.cpp:99
20260305 21:32:26.231810  13385 INFO    metrics active=0 accept/s=0 close/s=0 req/s=0 parse_err/s=0 in_kbps=0 out_kbps=0 rd_eagain/s=0 wr_eagain/s=0 rd_err/s=0 wr_err/s=0 sf_kbps=0 sf_eagain/s=0 sf_err/s=0-/home/dachuo/my_socket/src/Metrics.cpp:99
20260305 21:32:27.232060  13385 INFO    metrics active=0 accept/s=0 close/s=0 req/s=0 parse_err/s=0 in_kbps=0 out_kbps=0 rd_eagain/s=0 wr_eagain/s=0 rd_err/s=0 wr_err/s=0 sf_kbps=0 sf_eagain/s=0 sf_err/s=0-/home/dachuo/my_socket/src/Metrics.cpp:99
20260305 21:32:28.233148  13385 INFO    metrics active=0 accept/s=0 close/s=0 req/s=0 parse_err/s=0 in_kbps=0 out_kbps=0 rd_eagain/s=0 wr_eagain/s=0 rd_err/s=0 wr_err/s=0 sf_kbps=0 sf_eagain/s=0 sf_err/s=0-/home/dachuo/my_socket/src/Metrics.cpp:99
20260305 21:32:29.233741  13385 INFO    metrics active=0 accept/s=0 close/s=0 req/s=0 parse_err/s=0 in_kbps=0 out_kbps=0 rd_eagain/s=0 wr_eagain/s=0 rd_err/s=0 wr_err/s=0 sf_kbps=0 sf_eagain/s=0 sf_err/s=0-/home/dachuo/my_socket/src/Metrics.cpp:99
20260305 21:32:30.234443  13385 INFO    metrics active=0 accept/s=0 close/s=0 req/s=0 parse_err/s=0 in_kbps=0 out_kbps=0 rd_eagain/s=0 wr_eagain/s=0 rd_err/s=0 wr_err/s=0 sf_kbps=0 sf_eagain/s=0 sf_err/s=0-/home/dachuo/my_socket/src/Metrics.cpp:99
20260305 21:32:31.235453  13385 INFO    metrics active=0 accept/s=0 close/s=0 req/s=0 parse_err/s=0 in_kbps=0 out_kbps=0 rd_eagain/s=0 wr_eagain/s=0 rd_err/s=0 wr_err/s=0 sf_kbps=0 sf_eagain/s=0 sf_err/s=0-/home/dachuo/my_socket/src/Metrics.cpp:99
20260305 21:32:32.235985  13385 INFO    metrics active=0 accept/s=0 close/s=0 req/s=0 parse_err/s=0 in_kbps=0 out_kbps=0 rd_eagain/s=0 wr_eagain/s=0 rd_err/s=0 wr_err/s=0 sf_kbps=0 sf_eagain/s=0 sf_err/s=0-/home/dachuo/my_socket/src/Metrics.cpp:99
20260305 21:32:33.236621  13385 INFO    metrics active=0 accept/s=0 close/s=0 req/s=0 parse_err/s=0 in_kbps=0 out_kbps=0 rd_eagain/s=0 wr_eagain/s=0 rd_err/s=0 wr_err/s=0 sf_kbps=0 sf_eagain/s=0 sf_err/s=0-/home/dachuo/my_socket/src/Metrics.cpp:99
20260305 21:32:34.237588  13385 INFO    metrics active=0 accept/s=0 close/s=0 req/s=0 parse_err/s=0 in_kbps=0 out_kbps=0 rd_eagain/s=0 wr_eagain/s=0 rd_err/s=0 wr_err/s=0 sf_kbps=0 sf_eagain/s=0 sf_err/s=0-/home/dachuo/my_socket/src/Metrics.cpp:99
20260305 21:32:35.238298  13385 INFO    metrics active=0 accept/s=0 close/s=0 req/s=0 parse_err/s=0 in_kbps=0 out_kbps=0 rd_eagain/s=0 wr_eagain/s=0 rd_err/s=0 wr_err/s=0 sf_kbps=0 sf_eagain/s=0 sf_err/s=0-/home/dachuo/my_socket/src/Metrics.cpp:99
20260305 21:32:36.238726  13385 INFO    metrics active=0 accept/s=0 close/s=0 req/s=0 parse_err/s=0 in_kbps=0 out_kbps=0 rd_eagain/s=0 wr_eagain/s=0 rd_err/s=0 wr_err/s=0 sf_kbps=0 sf_eagain/s=0 sf_err/s=0-/home/dachuo/my_socket/src/Metrics.cpp:99
20260305 21:32:37.239860  13385 INFO    metrics active=0 accept/s=0 close/s=0 req/s=0 parse_err/s=0 in_kbps=0 out_kbps=0 rd_eagain/s=0 wr_eagain/s=0 rd_err/s=0 wr_err/s=0 sf_kbps=0 sf_eagain/s=0 sf_err/s=0-/home/dachuo/my_socket/src/Metrics.cpp:99
20260305 21:32:38.240271  13385 INFO    metrics active=0 accept/s=0 close/s=0 req/s=0 parse_err/s=0 in_kbps=0 out_kbps=0 rd_eagain/s=0 wr_eagain/s=0 rd_err/s=0 wr_err/s=0 sf_kbps=0 sf_eagain/s=0 sf_err/s=0-/home/dachuo/my_socket/src/Metrics.cpp:99
20260305 21:32:39.240571  13385 INFO    metrics active=0 accept/s=0 close/s=0 req/s=0 parse_err/s=0 in_kbps=0 out_kbps=0 rd_eagain/s=0 wr_eagain/s=0 rd_err/s=0 wr_err/s=0 sf_kbps=0 sf_eagain/s=0 sf_err/s=0-/home/dachuo/my_socket/src/Metrics.cpp:99
20260305 21:32:40.240780  13385 INFO    metrics active=0 accept/s=0 close/s=0 req/s=0 parse_err/s=0 in_kbps=0 out_kbps=0 rd_eagain/s=0 wr_eagain/s=0 rd_err/s=0 wr_err/s=0 sf_kbps=0 sf_eagain/s=0 sf_err/s=0-/home/dachuo/my_socket/src/Metrics.cpp:99
20260305 21:32:41.241944  13385 INFO    metrics active=0 accept/s=0 close/s=0 req/s=0 parse_err/s=0 in_kbps=0 out_kbps=0 rd_eagain/s=0 wr_eagain/s=0 rd_err/s=0 wr_err/s=0 sf_kbps=0 sf_eagain/s=0 sf_err/s=0-/home/dachuo/my_socket/src/Metrics.cpp:99
20260305 21:32:42.242357  13385 INFO    metrics active=0 accept/s=0 close/s=0 req/s=0 parse_err/s=0 in_kbps=0 out_kbps=0 rd_eagain/s=0 wr_eagain/s=0 rd_err/s=0 wr_err/s=0 sf_kbps=0 sf_eagain/s=0 sf_err/s=0-/home/dachuo/my_socket/src/Metrics.cpp:99
20260305 21:32:43.242970  13385 INFO    metrics active=0 accept/s=0 close/s=0 req/s=0 parse_err/s=0 in_kbps=0 out_kbps=0 rd_eagain/s=0 wr_eagain/s=0 rd_err/s=0 wr_err/s=0 sf_kbps=0 sf_eagain/s=0 sf_err/s=0-/home/dachuo/my_socket/src/Metrics.cpp:99
20260305 21:32:44.243528  13385 INFO    metrics active=0 accept/s=0 close/s=0 req/s=0 parse_err/s=0 in_kbps=0 out_kbps=0 rd_eagain/s=0 wr_eagain/s=0 rd_err/s=0 wr_err/s=0 sf_kbps=0 sf_eagain/s=0 sf_err/s=0-/home/dachuo/my_socket/src/Metrics.cpp:99
20260305 21:32:45.244401  13385 INFO    metrics active=0 accept/s=0 close/s=0 req/s=0 parse_err/s=0 in_kbps=0 out_kbps=0 rd_eagain/s=0 wr_eagain/s=0 rd_err/s=0 wr_err/s=0 sf_kbps=0 sf_eagain/s=0 sf_err/s=0-/home/dachuo/my_socket/src/Metrics.cpp:99
20260305 21:32:46.245310  13385 INFO    metrics active=0 accept/s=0 close/s=0 req/s=0 parse_err/s=0 in_kbps=0 out_kbps=0 rd_eagain/s=0 wr_eagain/s=0 rd_err/s=0 wr_err/s=0 sf_kbps=0 sf_eagain/s=0 sf_err/s=0-/home/dachuo/my_socket/src/Metrics.cpp:99
20260305 21:32:47.245691  13385 INFO    metrics active=0 accept/s=0 close/s=0 req/s=0 parse_err/s=0 in_kbps=0 out_kbps=0 rd_eagain/s=0 wr_eagain/s=0 rd_err/s=0 wr_err/s=0 sf_kbps=0 sf_eagain/s=0 sf_err/s=0-/home/dachuo/my_socket/src/Metrics.cpp:99
20260305 21:32:48.246168  13385 INFO    metrics active=0 accept/s=0 close/s=0 req/s=0 parse_err/s=0 in_kbps=0 out_kbps=0 rd_eagain/s=0 wr_eagain/s=0 rd_err/s=0 wr_err/s=0 sf_kbps=0 sf_eagain/s=0 sf_err/s=0-/home/dachuo/my_socket/src/Metrics.cpp:99
20260305 21:32:49.246501  13385 INFO    metrics active=0 accept/s=0 close/s=0 req/s=0 parse_err/s=0 in_kbps=0 out_kbps=0 rd_eagain/s=0 wr_eagain/s=0 rd_err/s=0 wr_err/s=0 sf_kbps=0 sf_eagain/s=0 sf_err/s=0-/home/dachuo/my_socket/src/Metrics.cpp:99
20260305 21:32:50.247215  13385 INFO    metrics active=0 accept/s=0 close/s=0 req/s=0 parse_err/s=0 in_kbps=0 out_kbps=0 rd_eagain/s=0 wr_eagain/s=0 rd_err/s=0 wr_err/s=0 sf_kbps=0 sf_eagain/s=0 sf_err/s=0-/home/dachuo/my_socket/src/Metrics.cpp:99
20260305 21:32:51.248386  13385 INFO    metrics active=0 accept/s=0 close/s=0 req/s=0 parse_err/s=0 in_kbps=0 out_kbps=0 rd_eagain/s=0 wr_eagain/s=0 rd_err/s=0 wr_err/s=0 sf_kbps=0 sf_eagain/s=0 sf_err/s=0-/home/dachuo/my_socket/src/Metrics.cpp:99
20260305 21:32:52.249283  13385 INFO    metrics active=0 accept/s=0 close/s=0 req/s=0 parse_err/s=0 in_kbps=0 out_kbps=0 rd_eagain/s=0 wr_eagain/s=0 rd_err/s=0 wr_err/s=0 sf_kbps=0 sf_eagain/s=0 sf_err/s=0-/home/dachuo/my_socket/src/Metrics.cpp:99
20260305 21:32:53.249662  13385 INFO    metrics active=0 accept/s=0 close/s=0 req/s=0 parse_err/s=0 in_kbps=0 out_kbps=0 rd_eagain/s=0 wr_eagain/s=0 rd_err/s=0 wr_err/s=0 sf_kbps=0 sf_eagain/s=0 sf_err/s=0-/home/dachuo/my_socket/src/Metrics.cpp:99
20260305 21:32:54.249974  13385 INFO    metrics active=0 accept/s=0 close/s=0 req/s=0 parse_err/s=0 in_kbps=0 out_kbps=0 rd_eagain/s=0 wr_eagain/s=0 rd_err/s=0 wr_err/s=0 sf_kbps=0 sf_eagain/s=0 sf_err/s=0-/home/dachuo/my_socket/src/Metrics.cpp:99
20260305 21:32:55.250798  13385 INFO    metrics active=0 accept/s=0 close/s=0 req/s=0 parse_err/s=0 in_kbps=0 out_kbps=0 rd_eagain/s=0 wr_eagain/s=0 rd_err/s=0 wr_err/s=0 sf_kbps=0 sf_eagain/s=0 sf_err/s=0-/home/dachuo/my_socket/src/Metrics.cpp:99
20260305 21:32:56.251329  13385 INFO    metrics active=0 accept/s=0 close/s=0 req/s=0 parse_err/s=0 in_kbps=0 out_kbps=0 rd_eagain/s=0 wr_eagain/s=0 rd_err/s=0 wr_err/s=0 sf_kbps=0 sf_eagain/s=0 sf_err/s=0-/home/dachuo/my_socket/src/Metrics.cpp:99
20260305 21:32:57.251684  13385 INFO    metrics active=0 accept/s=0 close/s=0 req/s=0 parse_err/s=0 in_kbps=0 out_kbps=0 rd_eagain/s=0 wr_eagain/s=0 rd_err/s=0 wr_err/s=0 sf_kbps=0 sf_eagain/s=0 sf_err/s=0-/home/dachuo/my_socket/src/Metrics.cpp:99
20260305 21:32:58.252836  13385 INFO    metrics active=0 accept/s=0 close/s=0 req/s=0 parse_err/s=0 in_kbps=0 out_kbps=0 rd_eagain/s=0 wr_eagain/s=0 rd_err/s=0 wr_err/s=0 sf_kbps=0 sf_eagain/s=0 sf_err/s=0-/home/dachuo/my_socket/src/Metrics.cpp:99
20260305 21:32:59.253763  13385 INFO    metrics active=0 accept/s=0 close/s=0 req/s=0 parse_err/s=0 in_kbps=0 out_kbps=0 rd_eagain/s=0 wr_eagain/s=0 rd_err/s=0 wr_err/s=0 sf_kbps=0 sf_eagain/s=0 sf_err/s=0-/home/dachuo/my_socket/src/Metrics.cpp:99
20260305 21:33:00.254630  13385 INFO    metrics active=0 accept/s=0 close/s=0 req/s=0 parse_err/s=0 in_kbps=0 out_kbps=0 rd_eagain/s=0 wr_eagain/s=0 rd_err/s=0 wr_err/s=0 sf_kbps=0 sf_eagain/s=0 sf_err/s=0-/home/dachuo/my_socket/src/Metrics.cpp:99
20260305 21:33:01.254955  13385 INFO    metrics active=0 accept/s=0 close/s=0 req/s=0 parse_err/s=0 in_kbps=0 out_kbps=0 rd_eagain/s=0 wr_eagain/s=0 rd_err/s=0 wr_err/s=0 sf_kbps=0 sf_eagain/s=0 sf_err/s=0-/home/dachuo/my_socket/src/Metrics.cpp:99
20260305 21:33:02.255605  13385 INFO    metrics active=0 accept/s=0 close/s=0 req/s=0 parse_err/s=0 in_kbps=0 out_kbps=0 rd_eagain/s=0 wr_eagain/s=0 rd_err/s=0 wr_err/s=0 sf_kbps=0 sf_eagain/s=0 sf_err/s=0-/home/dachuo/my_socket/src/Metrics.cpp:99
20260305 21:33:03.256072  13385 INFO    metrics active=0 accept/s=0 close/s=0 req/s=0 parse_err/s=0 in_kbps=0 out_kbps=0 rd_eagain/s=0 wr_eagain/s=0 rd_err/s=0 wr_err/s=0 sf_kbps=0 sf_eagain/s=0 sf_err/s=0-/home/dachuo/my_socket/src/Metrics.cpp:99
20260305 21:33:04.257003  13385 INFO    metrics active=0 accept/s=0 close/s=0 req/s=0 parse_err/s=0 in_kbps=0 out_kbps=0 rd_eagain/s=0 wr_eagain/s=0 rd_err/s=0 wr_err/s=0 sf_kbps=0 sf_eagain/s=0 sf_err/s=0-/home/dachuo/my_socket/src/Metrics.cpp:99
20260305 21:33:05.257328  13385 INFO    metrics active=0 accept/s=0 close/s=0 req/s=0 parse_err/s=0 in_kbps=0 out_kbps=0 rd_eagain/s=0 wr_eagain/s=0 rd_err/s=0 wr_err/s=0 sf_kbps=0 sf_eagain/s=0 sf_err/s=0-/home/dachuo/my_socket/src/Metrics.cpp:99
20260305 21:33:06.257829  13385 INFO    metrics active=0 accept/s=0 close/s=0 req/s=0 parse_err/s=0 in_kbps=0 out_kbps=0 rd_eagain/s=0 wr_eagain/s=0 rd_err/s=0 wr_err/s=0 sf_kbps=0 sf_eagain/s=0 sf_err/s=0-/home/dachuo/my_socket/src/Metrics.cpp:99
20260305 21:33:07.258472  13385 INFO    metrics active=0 accept/s=0 close/s=0 req/s=0 parse_err/s=0 in_kbps=0 out_kbps=0 rd_eagain/s=0 wr_eagain/s=0 rd_err/s=0 wr_err/s=0 sf_kbps=0 sf_eagain/s=0 sf_err/s=0-/home/dachuo/my_socket/src/Metrics.cpp:99
20260305 21:33:08.259335  13385 INFO    metrics active=0 accept/s=0 close/s=0 req/s=0 parse_err/s=0 in_kbps=0 out_kbps=0 rd_eagain/s=0 wr_eagain/s=0 rd_err/s=0 wr_err/s=0 sf_kbps=0 sf_eagain/s=0 sf_err/s=0-/home/dachuo/my_socket/src/Metrics.cpp:99
20260305 21:33:09.260105  13385 INFO    metrics active=0 accept/s=0 close/s=0 req/s=0 parse_err/s=0 in_kbps=0 out_kbps=0 rd_eagain/s=0 wr_eagain/s=0 rd_err/s=0 wr_err/s=0 sf_kbps=0 sf_eagain/s=0 sf_err/s=0-/home/dachuo/my_socket/src/Metrics.cpp:99
20260305 21:33:10.261129  13385 INFO    metrics active=0 accept/s=0 close/s=0 req/s=0 parse_err/s=0 in_kbps=0 out_kbps=0 rd_eagain/s=0 wr_eagain/s=0 rd_err/s=0 wr_err/s=0 sf_kbps=0 sf_eagain/s=0 sf_err/s=0-/home/dachuo/my_socket/src/Metrics.cpp:99
20260305 21:33:11.262039  13385 INFO    metrics active=0 accept/s=0 close/s=0 req/s=0 parse_err/s=0 in_kbps=0 out_kbps=0 rd_eagain/s=0 wr_eagain/s=0 rd_err/s=0 wr_err/s=0 sf_kbps=0 sf_eagain/s=0 sf_err/s=0-/home/dachuo/my_socket/src/Metrics.cpp:99
20260305 21:33:12.262787  13385 INFO    metrics active=0 accept/s=0 close/s=0 req/s=0 parse_err/s=0 in_kbps=0 out_kbps=0 rd_eagain/s=0 wr_eagain/s=0 rd_err/s=0 wr_err/s=0 sf_kbps=0 sf_eagain/s=0 sf_err/s=0-/home/dachuo/my_socket/src/Metrics.cpp:99
20260305 21:33:13.263127  13385 INFO    metrics active=0 accept/s=0 close/s=0 req/s=0 parse_err/s=0 in_kbps=0 out_kbps=0 rd_eagain/s=0 wr_eagain/s=0 rd_err/s=0 wr_err/s=0 sf_kbps=0 sf_eagain/s=0 sf_err/s=0-/home/dachuo/my_socket/src/Metrics.cpp:99
20260305 21:33:14.263706  13385 INFO    metrics active=0 accept/s=0 close/s=0 req/s=0 parse_err/s=0 in_kbps=0 out_kbps=0 rd_eagain/s=0 wr_eagain/s=0 rd_err/s=0 wr_err/s=0 sf_kbps=0 sf_eagain/s=0 sf_err/s=0-/home/dachuo/my_socket/src/Metrics.cpp:99
20260305 21:33:15.264622  13385 INFO    metrics active=0 accept/s=0 close/s=0 req/s=0 parse_err/s=0 in_kbps=0 out_kbps=0 rd_eagain/s=0 wr_eagain/s=0 rd_err/s=0 wr_err/s=0 sf_kbps=0 sf_eagain/s=0 sf_err/s=0-/home/dachuo/my_socket/src/Metrics.cpp:99
20260305 21:33:16.264922  13385 INFO    metrics active=0 accept/s=0 close/s=0 req/s=0 parse_err/s=0 in_kbps=0 out_kbps=0 rd_eagain/s=0 wr_eagain/s=0 rd_err/s=0 wr_err/s=0 sf_kbps=0 sf_eagain/s=0 sf_err/s=0-/home/dachuo/my_socket/src/Metrics.cpp:99
20260305 21:33:17.265305  13385 INFO    metrics active=0 accept/s=0 close/s=0 req/s=0 parse_err/s=0 in_kbps=0 out_kbps=0 rd_eagain/s=0 wr_eagain/s=0 rd_err/s=0 wr_err/s=0 sf_kbps=0 sf_eagain/s=0 sf_err/s=0-/home/dachuo/my_socket/src/Metrics.cpp:99
20260305 21:33:18.266150  13385 INFO    metrics active=0 accept/s=0 close/s=0 req/s=0 parse_err/s=0 in_kbps=0 out_kbps=0 rd_eagain/s=0 wr_eagain/s=0 rd_err/s=0 wr_err/s=0 sf_kbps=0 sf_eagain/s=0 sf_err/s=0-/home/dachuo/my_socket/src/Metrics.cpp:99
20260305 21:33:19.266935  13385 INFO    metrics active=0 accept/s=0 close/s=0 req/s=0 parse_err/s=0 in_kbps=0 out_kbps=0 rd_eagain/s=0 wr_eagain/s=0 rd_err/s=0 wr_err/s=0 sf_kbps=0 sf_eagain/s=0 sf_err/s=0-/home/dachuo/my_socket/src/Metrics.cpp:99
20260305 21:33:20.267327  13385 INFO    metrics active=0 accept/s=0 close/s=0 req/s=0 parse_err/s=0 in_kbps=0 out_kbps=0 rd_eagain/s=0 wr_eagain/s=0 rd_err/s=0 wr_err/s=0 sf_kbps=0 sf_eagain/s=0 sf_err/s=0-/home/dachuo/my_socket/src/Metrics.cpp:99
20260305 21:33:21.268015  13385 INFO    metrics active=0 accept/s=0 close/s=0 req/s=0 parse_err/s=0 in_kbps=0 out_kbps=0 rd_eagain/s=0 wr_eagain/s=0 rd_err/s=0 wr_err/s=0 sf_kbps=0 sf_eagain/s=0 sf_err/s=0-/home/dachuo/my_socket/src/Metrics.cpp:99
20260305 21:33:22.268758  13385 INFO    metrics active=0 accept/s=0 close/s=0 req/s=0 parse_err/s=0 in_kbps=0 out_kbps=0 rd_eagain/s=0 wr_eagain/s=0 rd_err/s=0 wr_err/s=0 sf_kbps=0 sf_eagain/s=0 sf_err/s=0-/home/dachuo/my_socket/src/Metrics.cpp:99
20260305 21:33:23.269640  13385 INFO    metrics active=0 accept/s=0 close/s=0 req/s=0 parse_err/s=0 in_kbps=0 out_kbps=0 rd_eagain/s=0 wr_eagain/s=0 rd_err/s=0 wr_err/s=0 sf_kbps=0 sf_eagain/s=0 sf_err/s=0-/home/dachuo/my_socket/src/Metrics.cpp:99
20260305 21:33:24.269969  13385 INFO    metrics active=0 accept/s=0 close/s=0 req/s=0 parse_err/s=0 in_kbps=0 out_kbps=0 rd_eagain/s=0 wr_eagain/s=0 rd_err/s=0 wr_err/s=0 sf_kbps=0 sf_eagain/s=0 sf_err/s=0-/home/dachuo/my_socket/src/Metrics.cpp:99
20260305 21:33:25.270956  13385 INFO    metrics active=0 accept/s=0 close/s=0 req/s=0 parse_err/s=0 in_kbps=0 out_kbps=0 rd_eagain/s=0 wr_eagain/s=0 rd_err/s=0 wr_err/s=0 sf_kbps=0 sf_eagain/s=0 sf_err/s=0-/home/dachuo/my_socket/src/Metrics.cpp:99
20260305 21:33:26.271297  13385 INFO    metrics active=0 accept/s=0 close/s=0 req/s=0 parse_err/s=0 in_kbps=0 out_kbps=0 rd_eagain/s=0 wr_eagain/s=0 rd_err/s=0 wr_err/s=0 sf_kbps=0 sf_eagain/s=0 sf_err/s=0-/home/dachuo/my_socket/src/Metrics.cpp:99
20260305 21:33:27.271720  13385 INFO    metrics active=0 accept/s=0 close/s=0 req/s=0 parse_err/s=0 in_kbps=0 out_kbps=0 rd_eagain/s=0 wr_eagain/s=0 rd_err/s=0 wr_err/s=0 sf_kbps=0 sf_eagain/s=0 sf_err/s=0-/home/dachuo/my_socket/src/Metrics.cpp:99
20260305 21:33:28.272600  13385 INFO    metrics active=0 accept/s=0 close/s=0 req/s=0 parse_err/s=0 in_kbps=0 out_kbps=0 rd_eagain/s=0 wr_eagain/s=0 rd_err/s=0 wr_err/s=0 sf_kbps=0 sf_eagain/s=0 sf_err/s=0-/home/dachuo/my_socket/src/Metrics.cpp:99
20260305 21:33:29.273323  13385 INFO    metrics active=0 accept/s=0 close/s=0 req/s=0 parse_err/s=0 in_kbps=0 out_kbps=0 rd_eagain/s=0 wr_eagain/s=0 rd_err/s=0 wr_err/s=0 sf_kbps=0 sf_eagain/s=0 sf_err/s=0-/home/dachuo/my_socket/src/Metrics.cpp:99
20260305 21:33:30.274495  13385 INFO    metrics active=0 accept/s=0 close/s=0 req/s=0 parse_err/s=0 in_kbps=0 out_kbps=0 rd_eagain/s=0 wr_eagain/s=0 rd_err/s=0 wr_err/s=0 sf_kbps=0 sf_eagain/s=0 sf_err/s=0-/home/dachuo/my_socket/src/Metrics.cpp:99
20260305 21:33:31.274994  13385 INFO    metrics active=0 accept/s=0 close/s=0 req/s=0 parse_err/s=0 in_kbps=0 out_kbps=0 rd_eagain/s=0 wr_eagain/s=0 rd_err/s=0 wr_err/s=0 sf_kbps=0 sf_eagain/s=0 sf_err/s=0-/home/dachuo/my_socket/src/Metrics.cpp:99
20260305 21:33:32.275292  13385 INFO    metrics active=0 accept/s=0 close/s=0 req/s=0 parse_err/s=0 in_kbps=0 out_kbps=0 rd_eagain/s=0 wr_eagain/s=0 rd_err/s=0 wr_err/s=0 sf_kbps=0 sf_eagain/s=0 sf_err/s=0-/home/dachuo/my_socket/src/Metrics.cpp:99
20260305 21:33:33.275997  13385 INFO    metrics active=0 accept/s=0 close/s=0 req/s=0 parse_err/s=0 in_kbps=0 out_kbps=0 rd_eagain/s=0 wr_eagain/s=0 rd_err/s=0 wr_err/s=0 sf_kbps=0 sf_eagain/s=0 sf_err/s=0-/home/dachuo/my_socket/src/Metrics.cpp:99
20260305 21:33:34.276698  13385 INFO    metrics active=0 accept/s=0 close/s=0 req/s=0 parse_err/s=0 in_kbps=0 out_kbps=0 rd_eagain/s=0 wr_eagain/s=0 rd_err/s=0 wr_err/s=0 sf_kbps=0 sf_eagain/s=0 sf_err/s=0-/home/dachuo/my_socket/src/Metrics.cpp:99
20260305 21:33:35.277518  13385 INFO    metrics active=0 accept/s=0 close/s=0 req/s=0 parse_err/s=0 in_kbps=0 out_kbps=0 rd_eagain/s=0 wr_eagain/s=0 rd_err/s=0 wr_err/s=0 sf_kbps=0 sf_eagain/s=0 sf_err/s=0-/home/dachuo/my_socket/src/Metrics.cpp:99
20260305 21:33:36.278487  13385 INFO    metrics active=0 accept/s=0 close/s=0 req/s=0 parse_err/s=0 in_kbps=0 out_kbps=0 rd_eagain/s=0 wr_eagain/s=0 rd_err/s=0 wr_err/s=0 sf_kbps=0 sf_eagain/s=0 sf_err/s=0-/home/dachuo/my_socket/src/Metrics.cpp:99
20260305 21:33:37.279582  13385 INFO    metrics active=0 accept/s=0 close/s=0 req/s=0 parse_err/s=0 in_kbps=0 out_kbps=0 rd_eagain/s=0 wr_eagain/s=0 rd_err/s=0 wr_err/s=0 sf_kbps=0 sf_eagain/s=0 sf_err/s=0-/home/dachuo/my_socket/src/Metrics.cpp:99
20260305 21:33:38.280131  13385 INFO    metrics active=0 accept/s=0 close/s=0 req/s=0 parse_err/s=0 in_kbps=0 out_kbps=0 rd_eagain/s=0 wr_eagain/s=0 rd_err/s=0 wr_err/s=0 sf_kbps=0 sf_eagain/s=0 sf_err/s=0-/home/dachuo/my_socket/src/Metrics.cpp:99
20260305 21:33:39.281214  13385 INFO    metrics active=0 accept/s=0 close/s=0 req/s=0 parse_err/s=0 in_kbps=0 out_kbps=0 rd_eagain/s=0 wr_eagain/s=0 rd_err/s=0 wr_err/s=0 sf_kbps=0 sf_eagain/s=0 sf_err/s=0-/home/dachuo/my_socket/src/Metrics.cpp:99
20260305 21:33:40.281862  13385 INFO    metrics active=0 accept/s=0 close/s=0 req/s=0 parse_err/s=0 in_kbps=0 out_kbps=0 rd_eagain/s=0 wr_eagain/s=0 rd_err/s=0 wr_err/s=0 sf_kbps=0 sf_eagain/s=0 sf_err/s=0-/home/dachuo/my_socket/src/Metrics.cpp:99
20260305 21:33:41.282324  13385 INFO    metrics active=0 accept/s=0 close/s=0 req/s=0 parse_err/s=0 in_kbps=0 out_kbps=0 rd_eagain/s=0 wr_eagain/s=0 rd_err/s=0 wr_err/s=0 sf_kbps=0 sf_eagain/s=0 sf_err/s=0-/home/dachuo/my_socket/src/Metrics.cpp:99
20260305 21:33:42.282930  13385 INFO    metrics active=0 accept/s=0 close/s=0 req/s=0 parse_err/s=0 in_kbps=0 out_kbps=0 rd_eagain/s=0 wr_eagain/s=0 rd_err/s=0 wr_err/s=0 sf_kbps=0 sf_eagain/s=0 sf_err/s=0-/home/dachuo/my_socket/src/Metrics.cpp:99
20260305 21:33:43.283257  13385 INFO    metrics active=0 accept/s=0 close/s=0 req/s=0 parse_err/s=0 in_kbps=0 out_kbps=0 rd_eagain/s=0 wr_eagain/s=0 rd_err/s=0 wr_err/s=0 sf_kbps=0 sf_eagain/s=0 sf_err/s=0-/home/dachuo/my_socket/src/Metrics.cpp:99
20260305 21:33:44.284242  13385 INFO    metrics active=0 accept/s=0 close/s=0 req/s=0 parse_err/s=0 in_kbps=0 out_kbps=0 rd_eagain/s=0 wr_eagain/s=0 rd_err/s=0 wr_err/s=0 sf_kbps=0 sf_eagain/s=0 sf_err/s=0-/home/dachuo/my_socket/src/Metrics.cpp:99
20260305 21:33:45.285069  13385 INFO    metrics active=0 accept/s=0 close/s=0 req/s=0 parse_err/s=0 in_kbps=0 out_kbps=0 rd_eagain/s=0 wr_eagain/s=0 rd_err/s=0 wr_err/s=0 sf_kbps=0 sf_eagain/s=0 sf_err/s=0-/home/dachuo/my_socket/src/Metrics.cpp:99
20260305 21:33:46.285638  13385 INFO    metrics active=0 accept/s=0 close/s=0 req/s=0 parse_err/s=0 in_kbps=0 out_kbps=0 rd_eagain/s=0 wr_eagain/s=0 rd_err/s=0 wr_err/s=0 sf_kbps=0 sf_eagain/s=0 sf_err/s=0-/home/dachuo/my_socket/src/Metrics.cpp:99
20260305 21:33:47.286733  13385 INFO    metrics active=0 accept/s=0 close/s=0 req/s=0 parse_err/s=0 in_kbps=0 out_kbps=0 rd_eagain/s=0 wr_eagain/s=0 rd_err/s=0 wr_err/s=0 sf_kbps=0 sf_eagain/s=0 sf_err/s=0-/home/dachuo/my_socket/src/Metrics.cpp:99
20260305 21:33:48.287572  13385 INFO    metrics active=0 accept/s=0 close/s=0 req/s=0 parse_err/s=0 in_kbps=0 out_kbps=0 rd_eagain/s=0 wr_eagain/s=0 rd_err/s=0 wr_err/s=0 sf_kbps=0 sf_eagain/s=0 sf_err/s=0-/home/dachuo/my_socket/src/Metrics.cpp:99
20260305 21:33:49.288207  13385 INFO    metrics active=0 accept/s=0 close/s=0 req/s=0 parse_err/s=0 in_kbps=0 out_kbps=0 rd_eagain/s=0 wr_eagain/s=0 rd_err/s=0 wr_err/s=0 sf_kbps=0 sf_eagain/s=0 sf_err/s=0-/home/dachuo/my_socket/src/Metrics.cpp:99
20260305 21:33:50.289296  13385 INFO    metrics active=0 accept/s=0 close/s=0 req/s=0 parse_err/s=0 in_kbps=0 out_kbps=0 rd_eagain/s=0 wr_eagain/s=0 rd_err/s=0 wr_err/s=0 sf_kbps=0 sf_eagain/s=0 sf_err/s=0-/home/dachuo/my_socket/src/Metrics.cpp:99
20260305 21:33:51.290652  13385 INFO    metrics active=0 accept/s=0 close/s=0 req/s=0 parse_err/s=0 in_kbps=0 out_kbps=0 rd_eagain/s=0 wr_eagain/s=0 rd_err/s=0 wr_err/s=0 sf_kbps=0 sf_eagain/s=0 sf_err/s=0-/home/dachuo/my_socket/src/Metrics.cpp:99
20260305 21:33:52.291233  13385 INFO    metrics active=0 accept/s=0 close/s=0 req/s=0 parse_err/s=0 in_kbps=0 out_kbps=0 rd_eagain/s=0 wr_eagain/s=0 rd_err/s=0 wr_err/s=0 sf_kbps=0 sf_eagain/s=0 sf_err/s=0-/home/dachuo/my_socket/src/Metrics.cpp:99
20260305 21:33:53.291850  13385 INFO    metrics active=0 accept/s=0 close/s=0 req/s=0 parse_err/s=0 in_kbps=0 out_kbps=0 rd_eagain/s=0 wr_eagain/s=0 rd_err/s=0 wr_err/s=0 sf_kbps=0 sf_eagain/s=0 sf_err/s=0-/home/dachuo/my_socket/src/Metrics.cpp:99
20260305 21:33:54.292121  13385 INFO    metrics active=0 accept/s=0 close/s=0 req/s=0 parse_err/s=0 in_kbps=0 out_kbps=0 rd_eagain/s=0 wr_eagain/s=0 rd_err/s=0 wr_err/s=0 sf_kbps=0 sf_eagain/s=0 sf_err/s=0-/home/dachuo/my_socket/src/Metrics.cpp:99
20260305 21:33:55.292523  13385 INFO    metrics active=0 accept/s=0 close/s=0 req/s=0 parse_err/s=0 in_kbps=0 out_kbps=0 rd_eagain/s=0 wr_eagain/s=0 rd_err/s=0 wr_err/s=0 sf_kbps=0 sf_eagain/s=0 sf_err/s=0-/home/dachuo/my_socket/src/Metrics.cpp:99
20260305 21:33:56.293635  13385 INFO    metrics active=0 accept/s=0 close/s=0 req/s=0 parse_err/s=0 in_kbps=0 out_kbps=0 rd_eagain/s=0 wr_eagain/s=0 rd_err/s=0 wr_err/s=0 sf_kbps=0 sf_eagain/s=0 sf_err/s=0-/home/dachuo/my_socket/src/Metrics.cpp:99
20260305 21:33:57.293870  13385 INFO    metrics active=0 accept/s=0 close/s=0 req/s=0 parse_err/s=0 in_kbps=0 out_kbps=0 rd_eagain/s=0 wr_eagain/s=0 rd_err/s=0 wr_err/s=0 sf_kbps=0 sf_eagain/s=0 sf_err/s=0-/home/dachuo/my_socket/src/Metrics.cpp:99
20260305 21:33:58.294492  13385 INFO    metrics active=0 accept/s=0 close/s=0 req/s=0 parse_err/s=0 in_kbps=0 out_kbps=0 rd_eagain/s=0 wr_eagain/s=0 rd_err/s=0 wr_err/s=0 sf_kbps=0 sf_eagain/s=0 sf_err/s=0-/home/dachuo/my_socket/src/Metrics.cpp:99
20260305 21:33:59.294862  13385 INFO    metrics active=0 accept/s=0 close/s=0 req/s=0 parse_err/s=0 in_kbps=0 out_kbps=0 rd_eagain/s=0 wr_eagain/s=0 rd_err/s=0 wr_err/s=0 sf_kbps=0 sf_eagain/s=0 sf_err/s=0-/home/dachuo/my_socket/src/Metrics.cpp:99
20260305 21:34:00.295659  13385 INFO    metrics active=0 accept/s=0 close/s=0 req/s=0 parse_err/s=0 in_kbps=0 out_kbps=0 rd_eagain/s=0 wr_eagain/s=0 rd_err/s=0 wr_err/s=0 sf_kbps=0 sf_eagain/s=0 sf_err/s=0-/home/dachuo/my_socket/src/Metrics.cpp:99
20260305 21:34:01.296414  13385 INFO    metrics active=0 accept/s=0 close/s=0 req/s=0 parse_err/s=0 in_kbps=0 out_kbps=0 rd_eagain/s=0 wr_eagain/s=0 rd_err/s=0 wr_err/s=0 sf_kbps=0 sf_eagain/s=0 sf_err/s=0-/home/dachuo/my_socket/src/Metrics.cpp:99
20260305 21:34:02.296856  13385 INFO    metrics active=0 accept/s=0 close/s=0 req/s=0 parse_err/s=0 in_kbps=0 out_kbps=0 rd_eagain/s=0 wr_eagain/s=0 rd_err/s=0 wr_err/s=0 sf_kbps=0 sf_eagain/s=0 sf_err/s=0-/home/dachuo/my_socket/src/Metrics.cpp:99
20260305 21:34:03.298397  13385 INFO    metrics active=0 accept/s=0 close/s=0 req/s=0 parse_err/s=0 in_kbps=0 out_kbps=0 rd_eagain/s=0 wr_eagain/s=0 rd_err/s=0 wr_err/s=0 sf_kbps=0 sf_eagain/s=0 sf_err/s=0-/home/dachuo/my_socket/src/Metrics.cpp:99
20260305 21:34:04.298586  13385 INFO    metrics active=0 accept/s=0 close/s=0 req/s=0 parse_err/s=0 in_kbps=0 out_kbps=0 rd_eagain/s=0 wr_eagain/s=0 rd_err/s=0 wr_err/s=0 sf_kbps=0 sf_eagain/s=0 sf_err/s=0-/home/dachuo/my_socket/src/Metrics.cpp:99
20260305 21:34:05.299573  13385 INFO    metrics active=0 accept/s=0 close/s=0 req/s=0 parse_err/s=0 in_kbps=0 out_kbps=0 rd_eagain/s=0 wr_eagain/s=0 rd_err/s=0 wr_err/s=0 sf_kbps=0 sf_eagain/s=0 sf_err/s=0-/home/dachuo/my_socket/src/Metrics.cpp:99
20260305 21:34:06.300155  13385 INFO    metrics active=0 accept/s=0 close/s=0 req/s=0 parse_err/s=0 in_kbps=0 out_kbps=0 rd_eagain/s=0 wr_eagain/s=0 rd_err/s=0 wr_err/s=0 sf_kbps=0 sf_eagain/s=0 sf_err/s=0-/home/dachuo/my_socket/src/Metrics.cpp:99
20260305 21:34:07.301209  13385 INFO    metrics active=0 accept/s=0 close/s=0 req/s=0 parse_err/s=0 in_kbps=0 out_kbps=0 rd_eagain/s=0 wr_eagain/s=0 rd_err/s=0 wr_err/s=0 sf_kbps=0 sf_eagain/s=0 sf_err/s=0-/home/dachuo/my_socket/src/Metrics.cpp:99
20260305 21:34:08.301474  13385 INFO    metrics active=0 accept/s=0 close/s=0 req/s=0 parse_err/s=0 in_kbps=0 out_kbps=0 rd_eagain/s=0 wr_eagain/s=0 rd_err/s=0 wr_err/s=0 sf_kbps=0 sf_eagain/s=0 sf_err/s=0-/home/dachuo/my_socket/src/Metrics.cpp:99
20260305 21:34:09.302044  13385 INFO    metrics active=0 accept/s=0 close/s=0 req/s=0 parse_err/s=0 in_kbps=0 out_kbps=0 rd_eagain/s=0 wr_eagain/s=0 rd_err/s=0 wr_err/s=0 sf_kbps=0 sf_eagain/s=0 sf_err/s=0-/home/dachuo/my_socket/src/Metrics.cpp:99
20260305 21:34:10.303328  13385 INFO    metrics active=0 accept/s=0 close/s=0 req/s=0 parse_err/s=0 in_kbps=0 out_kbps=0 rd_eagain/s=0 wr_eagain/s=0 rd_err/s=0 wr_err/s=0 sf_kbps=0 sf_eagain/s=0 sf_err/s=0-/home/dachuo/my_socket/src/Metrics.cpp:99
20260305 21:34:11.304056  13385 INFO    metrics active=0 accept/s=0 close/s=0 req/s=0 parse_err/s=0 in_kbps=0 out_kbps=0 rd_eagain/s=0 wr_eagain/s=0 rd_err/s=0 wr_err/s=0 sf_kbps=0 sf_eagain/s=0 sf_err/s=0-/home/dachuo/my_socket/src/Metrics.cpp:99
20260305 21:34:12.304602  13385 INFO    metrics active=0 accept/s=0 close/s=0 req/s=0 parse_err/s=0 in_kbps=0 out_kbps=0 rd_eagain/s=0 wr_eagain/s=0 rd_err/s=0 wr_err/s=0 sf_kbps=0 sf_eagain/s=0 sf_err/s=0-/home/dachuo/my_socket/src/Metrics.cpp:99
20260305 21:34:13.304817  13385 INFO    metrics active=0 accept/s=0 close/s=0 req/s=0 parse_err/s=0 in_kbps=0 out_kbps=0 rd_eagain/s=0 wr_eagain/s=0 rd_err/s=0 wr_err/s=0 sf_kbps=0 sf_eagain/s=0 sf_err/s=0-/home/dachuo/my_socket/src/Metrics.cpp:99
20260305 21:34:14.305894  13385 INFO    metrics active=0 accept/s=0 close/s=0 req/s=0 parse_err/s=0 in_kbps=0 out_kbps=0 rd_eagain/s=0 wr_eagain/s=0 rd_err/s=0 wr_err/s=0 sf_kbps=0 sf_eagain/s=0 sf_err/s=0-/home/dachuo/my_socket/src/Metrics.cpp:99
20260305 21:34:15.306524  13385 INFO    metrics active=0 accept/s=0 close/s=0 req/s=0 parse_err/s=0 in_kbps=0 out_kbps=0 rd_eagain/s=0 wr_eagain/s=0 rd_err/s=0 wr_err/s=0 sf_kbps=0 sf_eagain/s=0 sf_err/s=0-/home/dachuo/my_socket/src/Metrics.cpp:99
20260305 21:34:16.307554  13385 INFO    metrics active=0 accept/s=0 close/s=0 req/s=0 parse_err/s=0 in_kbps=0 out_kbps=0 rd_eagain/s=0 wr_eagain/s=0 rd_err/s=0 wr_err/s=0 sf_kbps=0 sf_eagain/s=0 sf_err/s=0-/home/dachuo/my_socket/src/Metrics.cpp:99
20260305 21:34:17.308624  13385 INFO    metrics active=0 accept/s=0 close/s=0 req/s=0 parse_err/s=0 in_kbps=0 out_kbps=0 rd_eagain/s=0 wr_eagain/s=0 rd_err/s=0 wr_err/s=0 sf_kbps=0 sf_eagain/s=0 sf_err/s=0-/home/dachuo/my_socket/src/Metrics.cpp:99
20260305 21:34:18.309233  13385 INFO    metrics active=0 accept/s=0 close/s=0 req/s=0 parse_err/s=0 in_kbps=0 out_kbps=0 rd_eagain/s=0 wr_eagain/s=0 rd_err/s=0 wr_err/s=0 sf_kbps=0 sf_eagain/s=0 sf_err/s=0-/home/dachuo/my_socket/src/Metrics.cpp:99
20260305 21:34:19.309711  13385 INFO    metrics active=0 accept/s=0 close/s=0 req/s=0 parse_err/s=0 in_kbps=0 out_kbps=0 rd_eagain/s=0 wr_eagain/s=0 rd_err/s=0 wr_err/s=0 sf_kbps=0 sf_eagain/s=0 sf_err/s=0-/home/dachuo/my_socket/src/Metrics.cpp:99
20260305 21:34:20.310157  13385 INFO    metrics active=0 accept/s=0 close/s=0 req/s=0 parse_err/s=0 in_kbps=0 out_kbps=0 rd_eagain/s=0 wr_eagain/s=0 rd_err/s=0 wr_err/s=0 sf_kbps=0 sf_eagain/s=0 sf_err/s=0-/home/dachuo/my_socket/src/Metrics.cpp:99
20260305 21:34:21.311005  13385 INFO    metrics active=0 accept/s=0 close/s=0 req/s=0 parse_err/s=0 in_kbps=0 out_kbps=0 rd_eagain/s=0 wr_eagain/s=0 rd_err/s=0 wr_err/s=0 sf_kbps=0 sf_eagain/s=0 sf_err/s=0-/home/dachuo/my_socket/src/Metrics.cpp:99
20260305 21:34:22.311915  13385 INFO    metrics active=0 accept/s=0 close/s=0 req/s=0 parse_err/s=0 in_kbps=0 out_kbps=0 rd_eagain/s=0 wr_eagain/s=0 rd_err/s=0 wr_err/s=0 sf_kbps=0 sf_eagain/s=0 sf_err/s=0-/home/dachuo/my_socket/src/Metrics.cpp:99
20260305 21:34:23.312395  13385 INFO    metrics active=0 accept/s=0 close/s=0 req/s=0 parse_err/s=0 in_kbps=0 out_kbps=0 rd_eagain/s=0 wr_eagain/s=0 rd_err/s=0 wr_err/s=0 sf_kbps=0 sf_eagain/s=0 sf_err/s=0-/home/dachuo/my_socket/src/Metrics.cpp:99
20260305 21:34:24.313104  13385 INFO    metrics active=0 accept/s=0 close/s=0 req/s=0 parse_err/s=0 in_kbps=0 out_kbps=0 rd_eagain/s=0 wr_eagain/s=0 rd_err/s=0 wr_err/s=0 sf_kbps=0 sf_eagain/s=0 sf_err/s=0-/home/dachuo/my_socket/src/Metrics.cpp:99
20260305 21:34:25.313972  13385 INFO    metrics active=0 accept/s=0 close/s=0 req/s=0 parse_err/s=0 in_kbps=0 out_kbps=0 rd_eagain/s=0 wr_eagain/s=0 rd_err/s=0 wr_err/s=0 sf_kbps=0 sf_eagain/s=0 sf_err/s=0-/home/dachuo/my_socket/src/Metrics.cpp:99
20260305 21:34:26.314943  13385 INFO    metrics active=0 accept/s=0 close/s=0 req/s=0 parse_err/s=0 in_kbps=0 out_kbps=0 rd_eagain/s=0 wr_eagain/s=0 rd_err/s=0 wr_err/s=0 sf_kbps=0 sf_eagain/s=0 sf_err/s=0-/home/dachuo/my_socket/src/Metrics.cpp:99
20260305 21:34:27.315865  13385 INFO    metrics active=0 accept/s=0 close/s=0 req/s=0 parse_err/s=0 in_kbps=0 out_kbps=0 rd_eagain/s=0 wr_eagain/s=0 rd_err/s=0 wr_err/s=0 sf_kbps=0 sf_eagain/s=0 sf_err/s=0-/home/dachuo/my_socket/src/Metrics.cpp:99
20260305 21:34:28.316326  13385 INFO    metrics active=0 accept/s=0 close/s=0 req/s=0 parse_err/s=0 in_kbps=0 out_kbps=0 rd_eagain/s=0 wr_eagain/s=0 rd_err/s=0 wr_err/s=0 sf_kbps=0 sf_eagain/s=0 sf_err/s=0-/home/dachuo/my_socket/src/Metrics.cpp:99
20260305 21:34:29.317236  13385 INFO    metrics active=0 accept/s=0 close/s=0 req/s=0 parse_err/s=0 in_kbps=0 out_kbps=0 rd_eagain/s=0 wr_eagain/s=0 rd_err/s=0 wr_err/s=0 sf_kbps=0 sf_eagain/s=0 sf_err/s=0-/home/dachuo/my_socket/src/Metrics.cpp:99
20260305 21:34:30.317463  13385 INFO    metrics active=0 accept/s=0 close/s=0 req/s=0 parse_err/s=0 in_kbps=0 out_kbps=0 rd_eagain/s=0 wr_eagain/s=0 rd_err/s=0 wr_err/s=0 sf_kbps=0 sf_eagain/s=0 sf_err/s=0-/home/dachuo/my_socket/src/Metrics.cpp:99
20260305 21:34:31.317863  13385 INFO    metrics active=0 accept/s=0 close/s=0 req/s=0 parse_err/s=0 in_kbps=0 out_kbps=0 rd_eagain/s=0 wr_eagain/s=0 rd_err/s=0 wr_err/s=0 sf_kbps=0 sf_eagain/s=0 sf_err/s=0-/home/dachuo/my_socket/src/Metrics.cpp:99
20260305 21:34:32.318151  13385 INFO    metrics active=0 accept/s=0 close/s=0 req/s=0 parse_err/s=0 in_kbps=0 out_kbps=0 rd_eagain/s=0 wr_eagain/s=0 rd_err/s=0 wr_err/s=0 sf_kbps=0 sf_eagain/s=0 sf_err/s=0-/home/dachuo/my_socket/src/Metrics.cpp:99
20260305 21:34:33.318779  13385 INFO    metrics active=0 accept/s=0 close/s=0 req/s=0 parse_err/s=0 in_kbps=0 out_kbps=0 rd_eagain/s=0 wr_eagain/s=0 rd_err/s=0 wr_err/s=0 sf_kbps=0 sf_eagain/s=0 sf_err/s=0-/home/dachuo/my_socket/src/Metrics.cpp:99
20260305 21:34:34.319093  13385 INFO    metrics active=0 accept/s=0 close/s=0 req/s=0 parse_err/s=0 in_kbps=0 out_kbps=0 rd_eagain/s=0 wr_eagain/s=0 rd_err/s=0 wr_err/s=0 sf_kbps=0 sf_eagain/s=0 sf_err/s=0-/home/dachuo/my_socket/src/Metrics.cpp:99
20260305 21:34:35.320015  13385 INFO    metrics active=0 accept/s=0 close/s=0 req/s=0 parse_err/s=0 in_kbps=0 out_kbps=0 rd_eagain/s=0 wr_eagain/s=0 rd_err/s=0 wr_err/s=0 sf_kbps=0 sf_eagain/s=0 sf_err/s=0-/home/dachuo/my_socket/src/Metrics.cpp:99
20260305 21:34:36.320433  13385 INFO    metrics active=0 accept/s=0 close/s=0 req/s=0 parse_err/s=0 in_kbps=0 out_kbps=0 rd_eagain/s=0 wr_eagain/s=0 rd_err/s=0 wr_err/s=0 sf_kbps=0 sf_eagain/s=0 sf_err/s=0-/home/dachuo/my_socket/src/Metrics.cpp:99
20260305 21:34:37.321516  13385 INFO    metrics active=0 accept/s=0 close/s=0 req/s=0 parse_err/s=0 in_kbps=0 out_kbps=0 rd_eagain/s=0 wr_eagain/s=0 rd_err/s=0 wr_err/s=0 sf_kbps=0 sf_eagain/s=0 sf_err/s=0-/home/dachuo/my_socket/src/Metrics.cpp:99
20260305 21:34:38.322578  13385 INFO    metrics active=0 accept/s=0 close/s=0 req/s=0 parse_err/s=0 in_kbps=0 out_kbps=0 rd_eagain/s=0 wr_eagain/s=0 rd_err/s=0 wr_err/s=0 sf_kbps=0 sf_eagain/s=0 sf_err/s=0-/home/dachuo/my_socket/src/Metrics.cpp:99
20260305 21:34:39.323089  13385 INFO    metrics active=0 accept/s=0 close/s=0 req/s=0 parse_err/s=0 in_kbps=0 out_kbps=0 rd_eagain/s=0 wr_eagain/s=0 rd_err/s=0 wr_err/s=0 sf_kbps=0 sf_eagain/s=0 sf_err/s=0-/home/dachuo/my_socket/src/Metrics.cpp:99
20260305 21:34:40.324341  13385 INFO    metrics active=0 accept/s=0 close/s=0 req/s=0 parse_err/s=0 in_kbps=0 out_kbps=0 rd_eagain/s=0 wr_eagain/s=0 rd_err/s=0 wr_err/s=0 sf_kbps=0 sf_eagain/s=0 sf_err/s=0-/home/dachuo/my_socket/src/Metrics.cpp:99
20260305 21:34:41.324961  13385 INFO    metrics active=0 accept/s=0 close/s=0 req/s=0 parse_err/s=0 in_kbps=0 out_kbps=0 rd_eagain/s=0 wr_eagain/s=0 rd_err/s=0 wr_err/s=0 sf_kbps=0 sf_eagain/s=0 sf_err/s=0-/home/dachuo/my_socket/src/Metrics.cpp:99
20260305 21:34:42.325711  13385 INFO    metrics active=0 accept/s=0 close/s=0 req/s=0 parse_err/s=0 in_kbps=0 out_kbps=0 rd_eagain/s=0 wr_eagain/s=0 rd_err/s=0 wr_err/s=0 sf_kbps=0 sf_eagain/s=0 sf_err/s=0-/home/dachuo/my_socket/src/Metrics.cpp:99
20260305 21:34:43.326422  13385 INFO    metrics active=0 accept/s=0 close/s=0 req/s=0 parse_err/s=0 in_kbps=0 out_kbps=0 rd_eagain/s=0 wr_eagain/s=0 rd_err/s=0 wr_err/s=0 sf_kbps=0 sf_eagain/s=0 sf_err/s=0-/home/dachuo/my_socket/src/Metrics.cpp:99
20260305 21:34:44.326691  13385 INFO    metrics active=0 accept/s=0 close/s=0 req/s=0 parse_err/s=0 in_kbps=0 out_kbps=0 rd_eagain/s=0 wr_eagain/s=0 rd_err/s=0 wr_err/s=0 sf_kbps=0 sf_eagain/s=0 sf_err/s=0-/home/dachuo/my_socket/src/Metrics.cpp:99
20260305 21:34:45.349658  13385 INFO    metrics active=0 accept/s=0 close/s=0 req/s=0 parse_err/s=0 in_kbps=0 out_kbps=0 rd_eagain/s=0 wr_eagain/s=0 rd_err/s=0 wr_err/s=0 sf_kbps=0 sf_eagain/s=0 sf_err/s=0-/home/dachuo/my_socket/src/Metrics.cpp:99
20260305 21:34:46.350778  13385 INFO    metrics active=0 accept/s=0 close/s=0 req/s=0 parse_err/s=0 in_kbps=0 out_kbps=0 rd_eagain/s=0 wr_eagain/s=0 rd_err/s=0 wr_err/s=0 sf_kbps=0 sf_eagain/s=0 sf_err/s=0-/home/dachuo/my_socket/src/Metrics.cpp:99
20260305 21:34:47.351374  13385 INFO    metrics active=0 accept/s=0 close/s=0 req/s=0 parse_err/s=0 in_kbps=0 out_kbps=0 rd_eagain/s=0 wr_eagain/s=0 rd_err/s=0 wr_err/s=0 sf_kbps=0 sf_eagain/s=0 sf_err/s=0-/home/dachuo/my_socket/src/Metrics.cpp:99
20260305 21:34:48.352569  13385 INFO    metrics active=0 accept/s=0 close/s=0 req/s=0 parse_err/s=0 in_kbps=0 out_kbps=0 rd_eagain/s=0 wr_eagain/s=0 rd_err/s=0 wr_err/s=0 sf_kbps=0 sf_eagain/s=0 sf_err/s=0-/home/dachuo/my_socket/src/Metrics.cpp:99
20260305 21:34:49.353524  13385 INFO    metrics active=0 accept/s=0 close/s=0 req/s=0 parse_err/s=0 in_kbps=0 out_kbps=0 rd_eagain/s=0 wr_eagain/s=0 rd_err/s=0 wr_err/s=0 sf_kbps=0 sf_eagain/s=0 sf_err/s=0-/home/dachuo/my_socket/src/Metrics.cpp:99
20260305 21:34:50.354520  13385 INFO    metrics active=0 accept/s=0 close/s=0 req/s=0 parse_err/s=0 in_kbps=0 out_kbps=0 rd_eagain/s=0 wr_eagain/s=0 rd_err/s=0 wr_err/s=0 sf_kbps=0 sf_eagain/s=0 sf_err/s=0-/home/dachuo/my_socket/src/Metrics.cpp:99
20260305 21:34:51.355031  13385 INFO    metrics active=0 accept/s=0 close/s=0 req/s=0 parse_err/s=0 in_kbps=0 out_kbps=0 rd_eagain/s=0 wr_eagain/s=0 rd_err/s=0 wr_err/s=0 sf_kbps=0 sf_eagain/s=0 sf_err/s=0-/home/dachuo/my_socket/src/Metrics.cpp:99
20260305 21:34:52.355594  13385 INFO    metrics active=0 accept/s=0 close/s=0 req/s=0 parse_err/s=0 in_kbps=0 out_kbps=0 rd_eagain/s=0 wr_eagain/s=0 rd_err/s=0 wr_err/s=0 sf_kbps=0 sf_eagain/s=0 sf_err/s=0-/home/dachuo/my_socket/src/Metrics.cpp:99
20260305 21:34:53.356054  13385 INFO    metrics active=0 accept/s=0 close/s=0 req/s=0 parse_err/s=0 in_kbps=0 out_kbps=0 rd_eagain/s=0 wr_eagain/s=0 rd_err/s=0 wr_err/s=0 sf_kbps=0 sf_eagain/s=0 sf_err/s=0-/home/dachuo/my_socket/src/Metrics.cpp:99
20260305 21:34:54.356518  13385 INFO    metrics active=0 accept/s=0 close/s=0 req/s=0 parse_err/s=0 in_kbps=0 out_kbps=0 rd_eagain/s=0 wr_eagain/s=0 rd_err/s=0 wr_err/s=0 sf_kbps=0 sf_eagain/s=0 sf_err/s=0-/home/dachuo/my_socket/src/Metrics.cpp:99
20260305 21:34:55.357642  13385 INFO    metrics active=0 accept/s=0 close/s=0 req/s=0 parse_err/s=0 in_kbps=0 out_kbps=0 rd_eagain/s=0 wr_eagain/s=0 rd_err/s=0 wr_err/s=0 sf_kbps=0 sf_eagain/s=0 sf_err/s=0-/home/dachuo/my_socket/src/Metrics.cpp:99
20260305 21:34:56.358170  13385 INFO    metrics active=0 accept/s=0 close/s=0 req/s=0 parse_err/s=0 in_kbps=0 out_kbps=0 rd_eagain/s=0 wr_eagain/s=0 rd_err/s=0 wr_err/s=0 sf_kbps=0 sf_eagain/s=0 sf_err/s=0-/home/dachuo/my_socket/src/Metrics.cpp:99
20260305 21:34:57.359325  13385 INFO    metrics active=0 accept/s=0 close/s=0 req/s=0 parse_err/s=0 in_kbps=0 out_kbps=0 rd_eagain/s=0 wr_eagain/s=0 rd_err/s=0 wr_err/s=0 sf_kbps=0 sf_eagain/s=0 sf_err/s=0-/home/dachuo/my_socket/src/Metrics.cpp:99
20260305 21:34:58.359597  13385 INFO    metrics active=0 accept/s=0 close/s=0 req/s=0 parse_err/s=0 in_kbps=0 out_kbps=0 rd_eagain/s=0 wr_eagain/s=0 rd_err/s=0 wr_err/s=0 sf_kbps=0 sf_eagain/s=0 sf_err/s=0-/home/dachuo/my_socket/src/Metrics.cpp:99
20260305 21:34:59.359993  13385 INFO    metrics active=0 accept/s=0 close/s=0 req/s=0 parse_err/s=0 in_kbps=0 out_kbps=0 rd_eagain/s=0 wr_eagain/s=0 rd_err/s=0 wr_err/s=0 sf_kbps=0 sf_eagain/s=0 sf_err/s=0-/home/dachuo/my_socket/src/Metrics.cpp:99
20260305 21:35:00.360422  13385 INFO    metrics active=0 accept/s=0 close/s=0 req/s=0 parse_err/s=0 in_kbps=0 out_kbps=0 rd_eagain/s=0 wr_eagain/s=0 rd_err/s=0 wr_err/s=0 sf_kbps=0 sf_eagain/s=0 sf_err/s=0-/home/dachuo/my_socket/src/Metrics.cpp:99
20260305 21:35:01.361674  13385 INFO    metrics active=0 accept/s=0 close/s=0 req/s=0 parse_err/s=0 in_kbps=0 out_kbps=0 rd_eagain/s=0 wr_eagain/s=0 rd_err/s=0 wr_err/s=0 sf_kbps=0 sf_eagain/s=0 sf_err/s=0-/home/dachuo/my_socket/src/Metrics.cpp:99
20260305 21:35:02.362646  13385 INFO    metrics active=0 accept/s=0 close/s=0 req/s=0 parse_err/s=0 in_kbps=0 out_kbps=0 rd_eagain/s=0 wr_eagain/s=0 rd_err/s=0 wr_err/s=0 sf_kbps=0 sf_eagain/s=0 sf_err/s=0-/home/dachuo/my_socket/src/Metrics.cpp:99
20260305 21:35:03.363032  13385 INFO    metrics active=0 accept/s=0 close/s=0 req/s=0 parse_err/s=0 in_kbps=0 out_kbps=0 rd_eagain/s=0 wr_eagain/s=0 rd_err/s=0 wr_err/s=0 sf_kbps=0 sf_eagain/s=0 sf_err/s=0-/home/dachuo/my_socket/src/Metrics.cpp:99
20260305 21:35:04.363399  13385 INFO    metrics active=0 accept/s=0 close/s=0 req/s=0 parse_err/s=0 in_kbps=0 out_kbps=0 rd_eagain/s=0 wr_eagain/s=0 rd_err/s=0 wr_err/s=0 sf_kbps=0 sf_eagain/s=0 sf_err/s=0-/home/dachuo/my_socket/src/Metrics.cpp:99
20260305 21:35:05.364278  13385 INFO    metrics active=0 accept/s=0 close/s=0 req/s=0 parse_err/s=0 in_kbps=0 out_kbps=0 rd_eagain/s=0 wr_eagain/s=0 rd_err/s=0 wr_err/s=0 sf_kbps=0 sf_eagain/s=0 sf_err/s=0-/home/dachuo/my_socket/src/Metrics.cpp:99
20260305 21:35:06.364860  13385 INFO    metrics active=0 accept/s=0 close/s=0 req/s=0 parse_err/s=0 in_kbps=0 out_kbps=0 rd_eagain/s=0 wr_eagain/s=0 rd_err/s=0 wr_err/s=0 sf_kbps=0 sf_eagain/s=0 sf_err/s=0-/home/dachuo/my_socket/src/Metrics.cpp:99
20260305 21:35:07.365255  13385 INFO    metrics active=0 accept/s=0 close/s=0 req/s=0 parse_err/s=0 in_kbps=0 out_kbps=0 rd_eagain/s=0 wr_eagain/s=0 rd_err/s=0 wr_err/s=0 sf_kbps=0 sf_eagain/s=0 sf_err/s=0-/home/dachuo/my_socket/src/Metrics.cpp:99
20260305 21:35:08.365584  13385 INFO    metrics active=0 accept/s=0 close/s=0 req/s=0 parse_err/s=0 in_kbps=0 out_kbps=0 rd_eagain/s=0 wr_eagain/s=0 rd_err/s=0 wr_err/s=0 sf_kbps=0 sf_eagain/s=0 sf_err/s=0-/home/dachuo/my_socket/src/Metrics.cpp:99
20260305 21:35:09.365900  13385 INFO    metrics active=0 accept/s=0 close/s=0 req/s=0 parse_err/s=0 in_kbps=0 out_kbps=0 rd_eagain/s=0 wr_eagain/s=0 rd_err/s=0 wr_err/s=0 sf_kbps=0 sf_eagain/s=0 sf_err/s=0-/home/dachuo/my_socket/src/Metrics.cpp:99
20260305 21:35:10.366411  13385 INFO    metrics active=0 accept/s=0 close/s=0 req/s=0 parse_err/s=0 in_kbps=0 out_kbps=0 rd_eagain/s=0 wr_eagain/s=0 rd_err/s=0 wr_err/s=0 sf_kbps=0 sf_eagain/s=0 sf_err/s=0-/home/dachuo/my_socket/src/Metrics.cpp:99
20260305 21:35:11.367169  13385 INFO    metrics active=0 accept/s=0 close/s=0 req/s=0 parse_err/s=0 in_kbps=0 out_kbps=0 rd_eagain/s=0 wr_eagain/s=0 rd_err/s=0 wr_err/s=0 sf_kbps=0 sf_eagain/s=0 sf_err/s=0-/home/dachuo/my_socket/src/Metrics.cpp:99
20260305 21:35:12.367951  13385 INFO    metrics active=0 accept/s=0 close/s=0 req/s=0 parse_err/s=0 in_kbps=0 out_kbps=0 rd_eagain/s=0 wr_eagain/s=0 rd_err/s=0 wr_err/s=0 sf_kbps=0 sf_eagain/s=0 sf_err/s=0-/home/dachuo/my_socket/src/Metrics.cpp:99
20260305 21:35:13.368621  13385 INFO    metrics active=0 accept/s=0 close/s=0 req/s=0 parse_err/s=0 in_kbps=0 out_kbps=0 rd_eagain/s=0 wr_eagain/s=0 rd_err/s=0 wr_err/s=0 sf_kbps=0 sf_eagain/s=0 sf_err/s=0-/home/dachuo/my_socket/src/Metrics.cpp:99
20260305 21:35:14.369393  13385 INFO    metrics active=0 accept/s=0 close/s=0 req/s=0 parse_err/s=0 in_kbps=0 out_kbps=0 rd_eagain/s=0 wr_eagain/s=0 rd_err/s=0 wr_err/s=0 sf_kbps=0 sf_eagain/s=0 sf_err/s=0-/home/dachuo/my_socket/src/Metrics.cpp:99
20260305 21:35:15.369703  13385 INFO    metrics active=0 accept/s=0 close/s=0 req/s=0 parse_err/s=0 in_kbps=0 out_kbps=0 rd_eagain/s=0 wr_eagain/s=0 rd_err/s=0 wr_err/s=0 sf_kbps=0 sf_eagain/s=0 sf_err/s=0-/home/dachuo/my_socket/src/Metrics.cpp:99
20260305 21:35:16.370883  13385 INFO    metrics active=0 accept/s=0 close/s=0 req/s=0 parse_err/s=0 in_kbps=0 out_kbps=0 rd_eagain/s=0 wr_eagain/s=0 rd_err/s=0 wr_err/s=0 sf_kbps=0 sf_eagain/s=0 sf_err/s=0-/home/dachuo/my_socket/src/Metrics.cpp:99
20260305 21:35:17.371187  13385 INFO    metrics active=0 accept/s=0 close/s=0 req/s=0 parse_err/s=0 in_kbps=0 out_kbps=0 rd_eagain/s=0 wr_eagain/s=0 rd_err/s=0 wr_err/s=0 sf_kbps=0 sf_eagain/s=0 sf_err/s=0-/home/dachuo/my_socket/src/Metrics.cpp:99
20260305 21:35:18.372293  13385 INFO    metrics active=0 accept/s=0 close/s=0 req/s=0 parse_err/s=0 in_kbps=0 out_kbps=0 rd_eagain/s=0 wr_eagain/s=0 rd_err/s=0 wr_err/s=0 sf_kbps=0 sf_eagain/s=0 sf_err/s=0-/home/dachuo/my_socket/src/Metrics.cpp:99
20260305 21:35:19.372669  13385 INFO    metrics active=0 accept/s=0 close/s=0 req/s=0 parse_err/s=0 in_kbps=0 out_kbps=0 rd_eagain/s=0 wr_eagain/s=0 rd_err/s=0 wr_err/s=0 sf_kbps=0 sf_eagain/s=0 sf_err/s=0-/home/dachuo/my_socket/src/Metrics.cpp:99
20260305 21:35:20.373433  13385 INFO    metrics active=0 accept/s=0 close/s=0 req/s=0 parse_err/s=0 in_kbps=0 out_kbps=0 rd_eagain/s=0 wr_eagain/s=0 rd_err/s=0 wr_err/s=0 sf_kbps=0 sf_eagain/s=0 sf_err/s=0-/home/dachuo/my_socket/src/Metrics.cpp:99
20260305 21:35:21.374286  13385 INFO    metrics active=0 accept/s=0 close/s=0 req/s=0 parse_err/s=0 in_kbps=0 out_kbps=0 rd_eagain/s=0 wr_eagain/s=0 rd_err/s=0 wr_err/s=0 sf_kbps=0 sf_eagain/s=0 sf_err/s=0-/home/dachuo/my_socket/src/Metrics.cpp:99
20260305 21:35:22.375282  13385 INFO    metrics active=0 accept/s=0 close/s=0 req/s=0 parse_err/s=0 in_kbps=0 out_kbps=0 rd_eagain/s=0 wr_eagain/s=0 rd_err/s=0 wr_err/s=0 sf_kbps=0 sf_eagain/s=0 sf_err/s=0-/home/dachuo/my_socket/src/Metrics.cpp:99
20260305 21:35:23.375760  13385 INFO    metrics active=0 accept/s=0 close/s=0 req/s=0 parse_err/s=0 in_kbps=0 out_kbps=0 rd_eagain/s=0 wr_eagain/s=0 rd_err/s=0 wr_err/s=0 sf_kbps=0 sf_eagain/s=0 sf_err/s=0-/home/dachuo/my_socket/src/Metrics.cpp:99
20260305 21:35:24.376566  13385 INFO    metrics active=0 accept/s=0 close/s=0 req/s=0 parse_err/s=0 in_kbps=0 out_kbps=0 rd_eagain/s=0 wr_eagain/s=0 rd_err/s=0 wr_err/s=0 sf_kbps=0 sf_eagain/s=0 sf_err/s=0-/home/dachuo/my_socket/src/Metrics.cpp:99
20260305 21:35:25.377234  13385 INFO    metrics active=0 accept/s=0 close/s=0 req/s=0 parse_err/s=0 in_kbps=0 out_kbps=0 rd_eagain/s=0 wr_eagain/s=0 rd_err/s=0 wr_err/s=0 sf_kbps=0 sf_eagain/s=0 sf_err/s=0-/home/dachuo/my_socket/src/Metrics.cpp:99
20260305 21:35:26.377810  13385 INFO    metrics active=0 accept/s=0 close/s=0 req/s=0 parse_err/s=0 in_kbps=0 out_kbps=0 rd_eagain/s=0 wr_eagain/s=0 rd_err/s=0 wr_err/s=0 sf_kbps=0 sf_eagain/s=0 sf_err/s=0-/home/dachuo/my_socket/src/Metrics.cpp:99
20260305 21:35:27.378395  13385 INFO    metrics active=0 accept/s=0 close/s=0 req/s=0 parse_err/s=0 in_kbps=0 out_kbps=0 rd_eagain/s=0 wr_eagain/s=0 rd_err/s=0 wr_err/s=0 sf_kbps=0 sf_eagain/s=0 sf_err/s=0-/home/dachuo/my_socket/src/Metrics.cpp:99
20260305 21:35:28.379184  13385 INFO    metrics active=0 accept/s=0 close/s=0 req/s=0 parse_err/s=0 in_kbps=0 out_kbps=0 rd_eagain/s=0 wr_eagain/s=0 rd_err/s=0 wr_err/s=0 sf_kbps=0 sf_eagain/s=0 sf_err/s=0-/home/dachuo/my_socket/src/Metrics.cpp:99
20260305 21:35:29.379842  13385 INFO    metrics active=0 accept/s=0 close/s=0 req/s=0 parse_err/s=0 in_kbps=0 out_kbps=0 rd_eagain/s=0 wr_eagain/s=0 rd_err/s=0 wr_err/s=0 sf_kbps=0 sf_eagain/s=0 sf_err/s=0-/home/dachuo/my_socket/src/Metrics.cpp:99
20260305 21:35:30.380624  13385 INFO    metrics active=0 accept/s=0 close/s=0 req/s=0 parse_err/s=0 in_kbps=0 out_kbps=0 rd_eagain/s=0 wr_eagain/s=0 rd_err/s=0 wr_err/s=0 sf_kbps=0 sf_eagain/s=0 sf_err/s=0-/home/dachuo/my_socket/src/Metrics.cpp:99
20260305 21:35:31.381180  13385 INFO    metrics active=0 accept/s=0 close/s=0 req/s=0 parse_err/s=0 in_kbps=0 out_kbps=0 rd_eagain/s=0 wr_eagain/s=0 rd_err/s=0 wr_err/s=0 sf_kbps=0 sf_eagain/s=0 sf_err/s=0-/home/dachuo/my_socket/src/Metrics.cpp:99
20260305 21:35:32.381601  13385 INFO    metrics active=0 accept/s=0 close/s=0 req/s=0 parse_err/s=0 in_kbps=0 out_kbps=0 rd_eagain/s=0 wr_eagain/s=0 rd_err/s=0 wr_err/s=0 sf_kbps=0 sf_eagain/s=0 sf_err/s=0-/home/dachuo/my_socket/src/Metrics.cpp:99
20260305 21:35:33.382407  13385 INFO    metrics active=0 accept/s=0 close/s=0 req/s=0 parse_err/s=0 in_kbps=0 out_kbps=0 rd_eagain/s=0 wr_eagain/s=0 rd_err/s=0 wr_err/s=0 sf_kbps=0 sf_eagain/s=0 sf_err/s=0-/home/dachuo/my_socket/src/Metrics.cpp:99
20260305 21:35:34.383690  13385 INFO    metrics active=0 accept/s=0 close/s=0 req/s=0 parse_err/s=0 in_kbps=0 out_kbps=0 rd_eagain/s=0 wr_eagain/s=0 rd_err/s=0 wr_err/s=0 sf_kbps=0 sf_eagain/s=0 sf_err/s=0-/home/dachuo/my_socket/src/Metrics.cpp:99
20260305 21:35:35.384078  13385 INFO    metrics active=0 accept/s=0 close/s=0 req/s=0 parse_err/s=0 in_kbps=0 out_kbps=0 rd_eagain/s=0 wr_eagain/s=0 rd_err/s=0 wr_err/s=0 sf_kbps=0 sf_eagain/s=0 sf_err/s=0-/home/dachuo/my_socket/src/Metrics.cpp:99
20260305 21:35:36.384887  13385 INFO    metrics active=0 accept/s=0 close/s=0 req/s=0 parse_err/s=0 in_kbps=0 out_kbps=0 rd_eagain/s=0 wr_eagain/s=0 rd_err/s=0 wr_err/s=0 sf_kbps=0 sf_eagain/s=0 sf_err/s=0-/home/dachuo/my_socket/src/Metrics.cpp:99
20260305 21:35:37.386278  13385 INFO    metrics active=0 accept/s=0 close/s=0 req/s=0 parse_err/s=0 in_kbps=0 out_kbps=0 rd_eagain/s=0 wr_eagain/s=0 rd_err/s=0 wr_err/s=0 sf_kbps=0 sf_eagain/s=0 sf_err/s=0-/home/dachuo/my_socket/src/Metrics.cpp:99
20260305 21:35:38.387381  13385 INFO    metrics active=0 accept/s=0 close/s=0 req/s=0 parse_err/s=0 in_kbps=0 out_kbps=0 rd_eagain/s=0 wr_eagain/s=0 rd_err/s=0 wr_err/s=0 sf_kbps=0 sf_eagain/s=0 sf_err/s=0-/home/dachuo/my_socket/src/Metrics.cpp:99
20260305 21:35:39.388219  13385 INFO    metrics active=0 accept/s=0 close/s=0 req/s=0 parse_err/s=0 in_kbps=0 out_kbps=0 rd_eagain/s=0 wr_eagain/s=0 rd_err/s=0 wr_err/s=0 sf_kbps=0 sf_eagain/s=0 sf_err/s=0-/home/dachuo/my_socket/src/Metrics.cpp:99
20260305 21:35:40.388551  13385 INFO    metrics active=0 accept/s=0 close/s=0 req/s=0 parse_err/s=0 in_kbps=0 out_kbps=0 rd_eagain/s=0 wr_eagain/s=0 rd_err/s=0 wr_err/s=0 sf_kbps=0 sf_eagain/s=0 sf_err/s=0-/home/dachuo/my_socket/src/Metrics.cpp:99
20260305 21:35:41.389691  13385 INFO    metrics active=0 accept/s=0 close/s=0 req/s=0 parse_err/s=0 in_kbps=0 out_kbps=0 rd_eagain/s=0 wr_eagain/s=0 rd_err/s=0 wr_err/s=0 sf_kbps=0 sf_eagain/s=0 sf_err/s=0-/home/dachuo/my_socket/src/Metrics.cpp:99
20260305 21:35:42.389944  13385 INFO    metrics active=0 accept/s=0 close/s=0 req/s=0 parse_err/s=0 in_kbps=0 out_kbps=0 rd_eagain/s=0 wr_eagain/s=0 rd_err/s=0 wr_err/s=0 sf_kbps=0 sf_eagain/s=0 sf_err/s=0-/home/dachuo/my_socket/src/Metrics.cpp:99
20260305 21:35:43.390506  13385 INFO    metrics active=0 accept/s=0 close/s=0 req/s=0 parse_err/s=0 in_kbps=0 out_kbps=0 rd_eagain/s=0 wr_eagain/s=0 rd_err/s=0 wr_err/s=0 sf_kbps=0 sf_eagain/s=0 sf_err/s=0-/home/dachuo/my_socket/src/Metrics.cpp:99
20260305 21:35:44.391639  13385 INFO    metrics active=0 accept/s=0 close/s=0 req/s=0 parse_err/s=0 in_kbps=0 out_kbps=0 rd_eagain/s=0 wr_eagain/s=0 rd_err/s=0 wr_err/s=0 sf_kbps=0 sf_eagain/s=0 sf_err/s=0-/home/dachuo/my_socket/src/Metrics.cpp:99
20260305 21:35:45.393006  13385 INFO    metrics active=0 accept/s=0 close/s=0 req/s=0 parse_err/s=0 in_kbps=0 out_kbps=0 rd_eagain/s=0 wr_eagain/s=0 rd_err/s=0 wr_err/s=0 sf_kbps=0 sf_eagain/s=0 sf_err/s=0-/home/dachuo/my_socket/src/Metrics.cpp:99
20260305 21:35:46.393416  13385 INFO    metrics active=0 accept/s=0 close/s=0 req/s=0 parse_err/s=0 in_kbps=0 out_kbps=0 rd_eagain/s=0 wr_eagain/s=0 rd_err/s=0 wr_err/s=0 sf_kbps=0 sf_eagain/s=0 sf_err/s=0-/home/dachuo/my_socket/src/Metrics.cpp:99
20260305 21:35:47.394617  13385 INFO    metrics active=0 accept/s=0 close/s=0 req/s=0 parse_err/s=0 in_kbps=0 out_kbps=0 rd_eagain/s=0 wr_eagain/s=0 rd_err/s=0 wr_err/s=0 sf_kbps=0 sf_eagain/s=0 sf_err/s=0-/home/dachuo/my_socket/src/Metrics.cpp:99
20260305 21:35:48.395787  13385 INFO    metrics active=0 accept/s=0 close/s=0 req/s=0 parse_err/s=0 in_kbps=0 out_kbps=0 rd_eagain/s=0 wr_eagain/s=0 rd_err/s=0 wr_err/s=0 sf_kbps=0 sf_eagain/s=0 sf_err/s=0-/home/dachuo/my_socket/src/Metrics.cpp:99
20260305 21:35:49.396095  13385 INFO    metrics active=0 accept/s=0 close/s=0 req/s=0 parse_err/s=0 in_kbps=0 out_kbps=0 rd_eagain/s=0 wr_eagain/s=0 rd_err/s=0 wr_err/s=0 sf_kbps=0 sf_eagain/s=0 sf_err/s=0-/home/dachuo/my_socket/src/Metrics.cpp:99
20260305 21:35:50.396569  13385 INFO    metrics active=0 accept/s=0 close/s=0 req/s=0 parse_err/s=0 in_kbps=0 out_kbps=0 rd_eagain/s=0 wr_eagain/s=0 rd_err/s=0 wr_err/s=0 sf_kbps=0 sf_eagain/s=0 sf_err/s=0-/home/dachuo/my_socket/src/Metrics.cpp:99
20260305 21:35:51.397113  13385 INFO    metrics active=0 accept/s=0 close/s=0 req/s=0 parse_err/s=0 in_kbps=0 out_kbps=0 rd_eagain/s=0 wr_eagain/s=0 rd_err/s=0 wr_err/s=0 sf_kbps=0 sf_eagain/s=0 sf_err/s=0-/home/dachuo/my_socket/src/Metrics.cpp:99
20260305 21:35:52.397408  13385 INFO    metrics active=0 accept/s=0 close/s=0 req/s=0 parse_err/s=0 in_kbps=0 out_kbps=0 rd_eagain/s=0 wr_eagain/s=0 rd_err/s=0 wr_err/s=0 sf_kbps=0 sf_eagain/s=0 sf_err/s=0-/home/dachuo/my_socket/src/Metrics.cpp:99
20260305 21:35:53.398393  13385 INFO    metrics active=0 accept/s=0 close/s=0 req/s=0 parse_err/s=0 in_kbps=0 out_kbps=0 rd_eagain/s=0 wr_eagain/s=0 rd_err/s=0 wr_err/s=0 sf_kbps=0 sf_eagain/s=0 sf_err/s=0-/home/dachuo/my_socket/src/Metrics.cpp:99
20260305 21:35:54.399558  13385 INFO    metrics active=0 accept/s=0 close/s=0 req/s=0 parse_err/s=0 in_kbps=0 out_kbps=0 rd_eagain/s=0 wr_eagain/s=0 rd_err/s=0 wr_err/s=0 sf_kbps=0 sf_eagain/s=0 sf_err/s=0-/home/dachuo/my_socket/src/Metrics.cpp:99
20260305 21:35:55.399815  13385 INFO    metrics active=0 accept/s=0 close/s=0 req/s=0 parse_err/s=0 in_kbps=0 out_kbps=0 rd_eagain/s=0 wr_eagain/s=0 rd_err/s=0 wr_err/s=0 sf_kbps=0 sf_eagain/s=0 sf_err/s=0-/home/dachuo/my_socket/src/Metrics.cpp:99
20260305 21:35:56.400120  13385 INFO    metrics active=0 accept/s=0 close/s=0 req/s=0 parse_err/s=0 in_kbps=0 out_kbps=0 rd_eagain/s=0 wr_eagain/s=0 rd_err/s=0 wr_err/s=0 sf_kbps=0 sf_eagain/s=0 sf_err/s=0-/home/dachuo/my_socket/src/Metrics.cpp:99
20260305 21:35:57.400625  13385 INFO    metrics active=0 accept/s=0 close/s=0 req/s=0 parse_err/s=0 in_kbps=0 out_kbps=0 rd_eagain/s=0 wr_eagain/s=0 rd_err/s=0 wr_err/s=0 sf_kbps=0 sf_eagain/s=0 sf_err/s=0-/home/dachuo/my_socket/src/Metrics.cpp:99
20260305 21:35:58.401483  13385 INFO    metrics active=0 accept/s=0 close/s=0 req/s=0 parse_err/s=0 in_kbps=0 out_kbps=0 rd_eagain/s=0 wr_eagain/s=0 rd_err/s=0 wr_err/s=0 sf_kbps=0 sf_eagain/s=0 sf_err/s=0-/home/dachuo/my_socket/src/Metrics.cpp:99
20260305 21:35:59.402671  13385 INFO    metrics active=0 accept/s=0 close/s=0 req/s=0 parse_err/s=0 in_kbps=0 out_kbps=0 rd_eagain/s=0 wr_eagain/s=0 rd_err/s=0 wr_err/s=0 sf_kbps=0 sf_eagain/s=0 sf_err/s=0-/home/dachuo/my_socket/src/Metrics.cpp:99
20260305 21:36:00.403034  13385 INFO    metrics active=0 accept/s=0 close/s=0 req/s=0 parse_err/s=0 in_kbps=0 out_kbps=0 rd_eagain/s=0 wr_eagain/s=0 rd_err/s=0 wr_err/s=0 sf_kbps=0 sf_eagain/s=0 sf_err/s=0-/home/dachuo/my_socket/src/Metrics.cpp:99
20260305 21:36:01.403256  13385 INFO    metrics active=0 accept/s=0 close/s=0 req/s=0 parse_err/s=0 in_kbps=0 out_kbps=0 rd_eagain/s=0 wr_eagain/s=0 rd_err/s=0 wr_err/s=0 sf_kbps=0 sf_eagain/s=0 sf_err/s=0-/home/dachuo/my_socket/src/Metrics.cpp:99
20260305 21:36:02.403639  13385 INFO    metrics active=0 accept/s=0 close/s=0 req/s=0 parse_err/s=0 in_kbps=0 out_kbps=0 rd_eagain/s=0 wr_eagain/s=0 rd_err/s=0 wr_err/s=0 sf_kbps=0 sf_eagain/s=0 sf_err/s=0-/home/dachuo/my_socket/src/Metrics.cpp:99
20260305 21:36:03.404432  13385 INFO    metrics active=0 accept/s=0 close/s=0 req/s=0 parse_err/s=0 in_kbps=0 out_kbps=0 rd_eagain/s=0 wr_eagain/s=0 rd_err/s=0 wr_err/s=0 sf_kbps=0 sf_eagain/s=0 sf_err/s=0-/home/dachuo/my_socket/src/Metrics.cpp:99
20260305 21:36:04.405037  13385 INFO    metrics active=0 accept/s=0 close/s=0 req/s=0 parse_err/s=0 in_kbps=0 out_kbps=0 rd_eagain/s=0 wr_eagain/s=0 rd_err/s=0 wr_err/s=0 sf_kbps=0 sf_eagain/s=0 sf_err/s=0-/home/dachuo/my_socket/src/Metrics.cpp:99
20260305 21:36:05.405692  13385 INFO    metrics active=0 accept/s=0 close/s=0 req/s=0 parse_err/s=0 in_kbps=0 out_kbps=0 rd_eagain/s=0 wr_eagain/s=0 rd_err/s=0 wr_err/s=0 sf_kbps=0 sf_eagain/s=0 sf_err/s=0-/home/dachuo/my_socket/src/Metrics.cpp:99
20260305 21:36:06.406502  13385 INFO    metrics active=0 accept/s=0 close/s=0 req/s=0 parse_err/s=0 in_kbps=0 out_kbps=0 rd_eagain/s=0 wr_eagain/s=0 rd_err/s=0 wr_err/s=0 sf_kbps=0 sf_eagain/s=0 sf_err/s=0-/home/dachuo/my_socket/src/Metrics.cpp:99
20260305 21:36:07.406995  13385 INFO    metrics active=0 accept/s=0 close/s=0 req/s=0 parse_err/s=0 in_kbps=0 out_kbps=0 rd_eagain/s=0 wr_eagain/s=0 rd_err/s=0 wr_err/s=0 sf_kbps=0 sf_eagain/s=0 sf_err/s=0-/home/dachuo/my_socket/src/Metrics.cpp:99
20260305 21:36:08.407703  13385 INFO    metrics active=0 accept/s=0 close/s=0 req/s=0 parse_err/s=0 in_kbps=0 out_kbps=0 rd_eagain/s=0 wr_eagain/s=0 rd_err/s=0 wr_err/s=0 sf_kbps=0 sf_eagain/s=0 sf_err/s=0-/home/dachuo/my_socket/src/Metrics.cpp:99
20260305 21:36:09.408515  13385 INFO    metrics active=0 accept/s=0 close/s=0 req/s=0 parse_err/s=0 in_kbps=0 out_kbps=0 rd_eagain/s=0 wr_eagain/s=0 rd_err/s=0 wr_err/s=0 sf_kbps=0 sf_eagain/s=0 sf_err/s=0-/home/dachuo/my_socket/src/Metrics.cpp:99
20260305 21:36:10.409260  13385 INFO    metrics active=0 accept/s=0 close/s=0 req/s=0 parse_err/s=0 in_kbps=0 out_kbps=0 rd_eagain/s=0 wr_eagain/s=0 rd_err/s=0 wr_err/s=0 sf_kbps=0 sf_eagain/s=0 sf_err/s=0-/home/dachuo/my_socket/src/Metrics.cpp:99
20260305 21:36:11.409965  13385 INFO    metrics active=0 accept/s=0 close/s=0 req/s=0 parse_err/s=0 in_kbps=0 out_kbps=0 rd_eagain/s=0 wr_eagain/s=0 rd_err/s=0 wr_err/s=0 sf_kbps=0 sf_eagain/s=0 sf_err/s=0-/home/dachuo/my_socket/src/Metrics.cpp:99
20260305 21:36:12.410921  13385 INFO    metrics active=0 accept/s=0 close/s=0 req/s=0 parse_err/s=0 in_kbps=0 out_kbps=0 rd_eagain/s=0 wr_eagain/s=0 rd_err/s=0 wr_err/s=0 sf_kbps=0 sf_eagain/s=0 sf_err/s=0-/home/dachuo/my_socket/src/Metrics.cpp:99
20260305 21:36:13.411294  13385 INFO    metrics active=0 accept/s=0 close/s=0 req/s=0 parse_err/s=0 in_kbps=0 out_kbps=0 rd_eagain/s=0 wr_eagain/s=0 rd_err/s=0 wr_err/s=0 sf_kbps=0 sf_eagain/s=0 sf_err/s=0-/home/dachuo/my_socket/src/Metrics.cpp:99
20260305 21:36:14.411603  13385 INFO    metrics active=0 accept/s=0 close/s=0 req/s=0 parse_err/s=0 in_kbps=0 out_kbps=0 rd_eagain/s=0 wr_eagain/s=0 rd_err/s=0 wr_err/s=0 sf_kbps=0 sf_eagain/s=0 sf_err/s=0-/home/dachuo/my_socket/src/Metrics.cpp:99
20260305 21:36:15.412616  13385 INFO    metrics active=0 accept/s=0 close/s=0 req/s=0 parse_err/s=0 in_kbps=0 out_kbps=0 rd_eagain/s=0 wr_eagain/s=0 rd_err/s=0 wr_err/s=0 sf_kbps=0 sf_eagain/s=0 sf_err/s=0-/home/dachuo/my_socket/src/Metrics.cpp:99
20260305 21:36:16.412803  13385 INFO    metrics active=0 accept/s=0 close/s=0 req/s=0 parse_err/s=0 in_kbps=0 out_kbps=0 rd_eagain/s=0 wr_eagain/s=0 rd_err/s=0 wr_err/s=0 sf_kbps=0 sf_eagain/s=0 sf_err/s=0-/home/dachuo/my_socket/src/Metrics.cpp:99
20260305 21:36:17.413596  13385 INFO    metrics active=0 accept/s=0 close/s=0 req/s=0 parse_err/s=0 in_kbps=0 out_kbps=0 rd_eagain/s=0 wr_eagain/s=0 rd_err/s=0 wr_err/s=0 sf_kbps=0 sf_eagain/s=0 sf_err/s=0-/home/dachuo/my_socket/src/Metrics.cpp:99
20260305 21:36:18.414129  13385 INFO    metrics active=0 accept/s=0 close/s=0 req/s=0 parse_err/s=0 in_kbps=0 out_kbps=0 rd_eagain/s=0 wr_eagain/s=0 rd_err/s=0 wr_err/s=0 sf_kbps=0 sf_eagain/s=0 sf_err/s=0-/home/dachuo/my_socket/src/Metrics.cpp:99
20260305 21:36:19.414392  13385 INFO    metrics active=0 accept/s=0 close/s=0 req/s=0 parse_err/s=0 in_kbps=0 out_kbps=0 rd_eagain/s=0 wr_eagain/s=0 rd_err/s=0 wr_err/s=0 sf_kbps=0 sf_eagain/s=0 sf_err/s=0-/home/dachuo/my_socket/src/Metrics.cpp:99
20260305 21:36:20.414628  13385 INFO    metrics active=0 accept/s=0 close/s=0 req/s=0 parse_err/s=0 in_kbps=0 out_kbps=0 rd_eagain/s=0 wr_eagain/s=0 rd_err/s=0 wr_err/s=0 sf_kbps=0 sf_eagain/s=0 sf_err/s=0-/home/dachuo/my_socket/src/Metrics.cpp:99
20260305 21:36:21.415022  13385 INFO    metrics active=0 accept/s=0 close/s=0 req/s=0 parse_err/s=0 in_kbps=0 out_kbps=0 rd_eagain/s=0 wr_eagain/s=0 rd_err/s=0 wr_err/s=0 sf_kbps=0 sf_eagain/s=0 sf_err/s=0-/home/dachuo/my_socket/src/Metrics.cpp:99
20260305 21:36:22.416158  13385 INFO    metrics active=0 accept/s=0 close/s=0 req/s=0 parse_err/s=0 in_kbps=0 out_kbps=0 rd_eagain/s=0 wr_eagain/s=0 rd_err/s=0 wr_err/s=0 sf_kbps=0 sf_eagain/s=0 sf_err/s=0-/home/dachuo/my_socket/src/Metrics.cpp:99
20260305 21:36:23.417094  13385 INFO    metrics active=0 accept/s=0 close/s=0 req/s=0 parse_err/s=0 in_kbps=0 out_kbps=0 rd_eagain/s=0 wr_eagain/s=0 rd_err/s=0 wr_err/s=0 sf_kbps=0 sf_eagain/s=0 sf_err/s=0-/home/dachuo/my_socket/src/Metrics.cpp:99
20260305 21:36:24.418080  13385 INFO    metrics active=0 accept/s=0 close/s=0 req/s=0 parse_err/s=0 in_kbps=0 out_kbps=0 rd_eagain/s=0 wr_eagain/s=0 rd_err/s=0 wr_err/s=0 sf_kbps=0 sf_eagain/s=0 sf_err/s=0-/home/dachuo/my_socket/src/Metrics.cpp:99
20260305 21:36:25.418730  13385 INFO    metrics active=0 accept/s=0 close/s=0 req/s=0 parse_err/s=0 in_kbps=0 out_kbps=0 rd_eagain/s=0 wr_eagain/s=0 rd_err/s=0 wr_err/s=0 sf_kbps=0 sf_eagain/s=0 sf_err/s=0-/home/dachuo/my_socket/src/Metrics.cpp:99
20260305 21:36:26.419119  13385 INFO    metrics active=0 accept/s=0 close/s=0 req/s=0 parse_err/s=0 in_kbps=0 out_kbps=0 rd_eagain/s=0 wr_eagain/s=0 rd_err/s=0 wr_err/s=0 sf_kbps=0 sf_eagain/s=0 sf_err/s=0-/home/dachuo/my_socket/src/Metrics.cpp:99
20260305 21:36:27.420260  13385 INFO    metrics active=0 accept/s=0 close/s=0 req/s=0 parse_err/s=0 in_kbps=0 out_kbps=0 rd_eagain/s=0 wr_eagain/s=0 rd_err/s=0 wr_err/s=0 sf_kbps=0 sf_eagain/s=0 sf_err/s=0-/home/dachuo/my_socket/src/Metrics.cpp:99
20260305 21:36:28.421165  13385 INFO    metrics active=0 accept/s=0 close/s=0 req/s=0 parse_err/s=0 in_kbps=0 out_kbps=0 rd_eagain/s=0 wr_eagain/s=0 rd_err/s=0 wr_err/s=0 sf_kbps=0 sf_eagain/s=0 sf_err/s=0-/home/dachuo/my_socket/src/Metrics.cpp:99
20260305 21:36:29.421999  13385 INFO    metrics active=0 accept/s=0 close/s=0 req/s=0 parse_err/s=0 in_kbps=0 out_kbps=0 rd_eagain/s=0 wr_eagain/s=0 rd_err/s=0 wr_err/s=0 sf_kbps=0 sf_eagain/s=0 sf_err/s=0-/home/dachuo/my_socket/src/Metrics.cpp:99
20260305 21:36:30.422975  13385 INFO    metrics active=0 accept/s=0 close/s=0 req/s=0 parse_err/s=0 in_kbps=0 out_kbps=0 rd_eagain/s=0 wr_eagain/s=0 rd_err/s=0 wr_err/s=0 sf_kbps=0 sf_eagain/s=0 sf_err/s=0-/home/dachuo/my_socket/src/Metrics.cpp:99
20260305 21:36:31.423552  13385 INFO    metrics active=0 accept/s=0 close/s=0 req/s=0 parse_err/s=0 in_kbps=0 out_kbps=0 rd_eagain/s=0 wr_eagain/s=0 rd_err/s=0 wr_err/s=0 sf_kbps=0 sf_eagain/s=0 sf_err/s=0-/home/dachuo/my_socket/src/Metrics.cpp:99
20260305 21:36:32.424511  13385 INFO    metrics active=0 accept/s=0 close/s=0 req/s=0 parse_err/s=0 in_kbps=0 out_kbps=0 rd_eagain/s=0 wr_eagain/s=0 rd_err/s=0 wr_err/s=0 sf_kbps=0 sf_eagain/s=0 sf_err/s=0-/home/dachuo/my_socket/src/Metrics.cpp:99
20260305 21:36:33.425436  13385 INFO    metrics active=0 accept/s=0 close/s=0 req/s=0 parse_err/s=0 in_kbps=0 out_kbps=0 rd_eagain/s=0 wr_eagain/s=0 rd_err/s=0 wr_err/s=0 sf_kbps=0 sf_eagain/s=0 sf_err/s=0-/home/dachuo/my_socket/src/Metrics.cpp:99
20260305 21:36:34.426277  13385 INFO    metrics active=0 accept/s=0 close/s=0 req/s=0 parse_err/s=0 in_kbps=0 out_kbps=0 rd_eagain/s=0 wr_eagain/s=0 rd_err/s=0 wr_err/s=0 sf_kbps=0 sf_eagain/s=0 sf_err/s=0-/home/dachuo/my_socket/src/Metrics.cpp:99
20260305 21:36:35.427105  13385 INFO    metrics active=0 accept/s=0 close/s=0 req/s=0 parse_err/s=0 in_kbps=0 out_kbps=0 rd_eagain/s=0 wr_eagain/s=0 rd_err/s=0 wr_err/s=0 sf_kbps=0 sf_eagain/s=0 sf_err/s=0-/home/dachuo/my_socket/src/Metrics.cpp:99
20260305 21:36:36.427565  13385 INFO    metrics active=0 accept/s=0 close/s=0 req/s=0 parse_err/s=0 in_kbps=0 out_kbps=0 rd_eagain/s=0 wr_eagain/s=0 rd_err/s=0 wr_err/s=0 sf_kbps=0 sf_eagain/s=0 sf_err/s=0-/home/dachuo/my_socket/src/Metrics.cpp:99
20260305 21:36:37.428677  13385 INFO    metrics active=0 accept/s=0 close/s=0 req/s=0 parse_err/s=0 in_kbps=0 out_kbps=0 rd_eagain/s=0 wr_eagain/s=0 rd_err/s=0 wr_err/s=0 sf_kbps=0 sf_eagain/s=0 sf_err/s=0-/home/dachuo/my_socket/src/Metrics.cpp:99
20260305 21:36:38.429221  13385 INFO    metrics active=0 accept/s=0 close/s=0 req/s=0 parse_err/s=0 in_kbps=0 out_kbps=0 rd_eagain/s=0 wr_eagain/s=0 rd_err/s=0 wr_err/s=0 sf_kbps=0 sf_eagain/s=0 sf_err/s=0-/home/dachuo/my_socket/src/Metrics.cpp:99
20260305 21:36:39.430208  13385 INFO    metrics active=0 accept/s=0 close/s=0 req/s=0 parse_err/s=0 in_kbps=0 out_kbps=0 rd_eagain/s=0 wr_eagain/s=0 rd_err/s=0 wr_err/s=0 sf_kbps=0 sf_eagain/s=0 sf_err/s=0-/home/dachuo/my_socket/src/Metrics.cpp:99
20260305 21:36:40.431031  13385 INFO    metrics active=0 accept/s=0 close/s=0 req/s=0 parse_err/s=0 in_kbps=0 out_kbps=0 rd_eagain/s=0 wr_eagain/s=0 rd_err/s=0 wr_err/s=0 sf_kbps=0 sf_eagain/s=0 sf_err/s=0-/home/dachuo/my_socket/src/Metrics.cpp:99
20260305 21:36:41.431625  13385 INFO    metrics active=0 accept/s=0 close/s=0 req/s=0 parse_err/s=0 in_kbps=0 out_kbps=0 rd_eagain/s=0 wr_eagain/s=0 rd_err/s=0 wr_err/s=0 sf_kbps=0 sf_eagain/s=0 sf_err/s=0-/home/dachuo/my_socket/src/Metrics.cpp:99
20260305 21:36:42.432143  13385 INFO    metrics active=0 accept/s=0 close/s=0 req/s=0 parse_err/s=0 in_kbps=0 out_kbps=0 rd_eagain/s=0 wr_eagain/s=0 rd_err/s=0 wr_err/s=0 sf_kbps=0 sf_eagain/s=0 sf_err/s=0-/home/dachuo/my_socket/src/Metrics.cpp:99
20260305 21:36:43.432899  13385 INFO    metrics active=0 accept/s=0 close/s=0 req/s=0 parse_err/s=0 in_kbps=0 out_kbps=0 rd_eagain/s=0 wr_eagain/s=0 rd_err/s=0 wr_err/s=0 sf_kbps=0 sf_eagain/s=0 sf_err/s=0-/home/dachuo/my_socket/src/Metrics.cpp:99
20260305 21:36:44.433916  13385 INFO    metrics active=0 accept/s=0 close/s=0 req/s=0 parse_err/s=0 in_kbps=0 out_kbps=0 rd_eagain/s=0 wr_eagain/s=0 rd_err/s=0 wr_err/s=0 sf_kbps=0 sf_eagain/s=0 sf_err/s=0-/home/dachuo/my_socket/src/Metrics.cpp:99
20260305 21:36:45.434961  13385 INFO    metrics active=0 accept/s=0 close/s=0 req/s=0 parse_err/s=0 in_kbps=0 out_kbps=0 rd_eagain/s=0 wr_eagain/s=0 rd_err/s=0 wr_err/s=0 sf_kbps=0 sf_eagain/s=0 sf_err/s=0-/home/dachuo/my_socket/src/Metrics.cpp:99
20260305 21:36:46.435534  13385 INFO    metrics active=0 accept/s=0 close/s=0 req/s=0 parse_err/s=0 in_kbps=0 out_kbps=0 rd_eagain/s=0 wr_eagain/s=0 rd_err/s=0 wr_err/s=0 sf_kbps=0 sf_eagain/s=0 sf_err/s=0-/home/dachuo/my_socket/src/Metrics.cpp:99
20260305 21:36:47.436004  13385 INFO    metrics active=0 accept/s=0 close/s=0 req/s=0 parse_err/s=0 in_kbps=0 out_kbps=0 rd_eagain/s=0 wr_eagain/s=0 rd_err/s=0 wr_err/s=0 sf_kbps=0 sf_eagain/s=0 sf_err/s=0-/home/dachuo/my_socket/src/Metrics.cpp:99
20260305 21:36:48.436268  13385 INFO    metrics active=0 accept/s=0 close/s=0 req/s=0 parse_err/s=0 in_kbps=0 out_kbps=0 rd_eagain/s=0 wr_eagain/s=0 rd_err/s=0 wr_err/s=0 sf_kbps=0 sf_eagain/s=0 sf_err/s=0-/home/dachuo/my_socket/src/Metrics.cpp:99
20260305 21:36:49.437402  13385 INFO    metrics active=0 accept/s=0 close/s=0 req/s=0 parse_err/s=0 in_kbps=0 out_kbps=0 rd_eagain/s=0 wr_eagain/s=0 rd_err/s=0 wr_err/s=0 sf_kbps=0 sf_eagain/s=0 sf_err/s=0-/home/dachuo/my_socket/src/Metrics.cpp:99
